--------------------------------------------------------------------------------
Release 14.7 Trace  (nt64)
Copyright (c) 1995-2013 Xilinx, Inc.  All rights reserved.

E:\Xilinx\14.7\ISE_DS\ISE\bin\nt64\unwrapped\trce.exe -intstyle ise -v 3 -s 3
-n 3 -fastpaths -xml main.twx main.ncd -o main.twr main.pcf

Design file:              main.ncd
Physical constraint file: main.pcf
Device,package,speed:     xc6slx150t,fgg676,C,-3 (PRODUCTION 1.23 2013-10-13)
Report level:             verbose report

Environment Variable      Effect 
--------------------      ------ 
NONE                      No environment variables were set
--------------------------------------------------------------------------------

INFO:Timing:2698 - No timing constraints found, doing default enumeration.
INFO:Timing:3412 - To improve timing, see the Timing Closure User Guide (UG612).
INFO:Timing:2752 - To get complete path coverage, use the unconstrained paths 
   option. All paths that are not constrained will be reported in the 
   unconstrained paths section(s) of the report.
INFO:Timing:3339 - The clock-to-out numbers in this timing report are based on 
   a 50 Ohm transmission line loading model.  For the details of this model, 
   and for more information on accounting for different loading conditions, 
   please see the device datasheet.



Data Sheet report:
-----------------
All values displayed in nanoseconds (ns)

Setup/Hold to clock clk
------------+------------+------------+------------+------------+------------------+--------+
            |Max Setup to|  Process   |Max Hold to |  Process   |                  | Clock  |
Source      | clk (edge) |   Corner   | clk (edge) |   Corner   |Internal Clock(s) | Phase  |
------------+------------+------------+------------+------------+------------------+--------+
decision_bit|   11.177(R)|      SLOW  |   -1.747(R)|      FAST  |clk_BUFGP         |   0.000|
num1<0>     |  130.583(R)|      SLOW  |   -6.040(R)|      FAST  |clk_BUFGP         |   0.000|
num1<1>     |  130.680(R)|      SLOW  |   -4.490(R)|      FAST  |clk_BUFGP         |   0.000|
num1<2>     |  138.691(R)|      SLOW  |   -6.526(R)|      FAST  |clk_BUFGP         |   0.000|
num1<3>     |  143.411(R)|      SLOW  |   -6.476(R)|      FAST  |clk_BUFGP         |   0.000|
num1<4>     |  147.368(R)|      SLOW  |   -5.906(R)|      FAST  |clk_BUFGP         |   0.000|
num1<5>     |  152.232(R)|      SLOW  |   -5.972(R)|      FAST  |clk_BUFGP         |   0.000|
num1<6>     |  154.695(R)|      SLOW  |   -6.075(R)|      FAST  |clk_BUFGP         |   0.000|
num1<7>     |  158.226(R)|      SLOW  |   -5.325(R)|      FAST  |clk_BUFGP         |   0.000|
num1<8>     |  162.477(R)|      SLOW  |   -5.711(R)|      FAST  |clk_BUFGP         |   0.000|
num1<9>     |  167.242(R)|      SLOW  |   -5.583(R)|      FAST  |clk_BUFGP         |   0.000|
num1<10>    |  171.626(R)|      SLOW  |   -5.269(R)|      FAST  |clk_BUFGP         |   0.000|
num1<11>    |  175.785(R)|      SLOW  |   -6.051(R)|      FAST  |clk_BUFGP         |   0.000|
num1<12>    |  180.281(R)|      SLOW  |   -5.603(R)|      FAST  |clk_BUFGP         |   0.000|
num1<13>    |  182.386(R)|      SLOW  |   -5.807(R)|      FAST  |clk_BUFGP         |   0.000|
num1<14>    |  186.510(R)|      SLOW  |   -6.223(R)|      FAST  |clk_BUFGP         |   0.000|
num1<15>    |  189.126(R)|      SLOW  |   -5.642(R)|      FAST  |clk_BUFGP         |   0.000|
num1<16>    |  190.980(R)|      SLOW  |   -5.277(R)|      FAST  |clk_BUFGP         |   0.000|
num1<17>    |  194.152(R)|      SLOW  |   -5.006(R)|      FAST  |clk_BUFGP         |   0.000|
num1<18>    |  198.232(R)|      SLOW  |   -5.671(R)|      FAST  |clk_BUFGP         |   0.000|
num1<19>    |  202.074(R)|      SLOW  |   -5.149(R)|      FAST  |clk_BUFGP         |   0.000|
num1<20>    |  204.260(R)|      SLOW  |   -4.205(R)|      FAST  |clk_BUFGP         |   0.000|
num1<21>    |  209.097(R)|      SLOW  |   -4.730(R)|      FAST  |clk_BUFGP         |   0.000|
num1<22>    |  213.475(R)|      SLOW  |   -4.438(R)|      FAST  |clk_BUFGP         |   0.000|
num1<23>    |  216.954(R)|      SLOW  |   -5.167(R)|      FAST  |clk_BUFGP         |   0.000|
num1<24>    |  218.023(R)|      SLOW  |   -5.753(R)|      FAST  |clk_BUFGP         |   0.000|
num1<25>    |  217.905(R)|      SLOW  |   -5.700(R)|      FAST  |clk_BUFGP         |   0.000|
num1<26>    |  217.936(R)|      SLOW  |   -5.683(R)|      FAST  |clk_BUFGP         |   0.000|
num1<27>    |  217.540(R)|      SLOW  |   -5.542(R)|      FAST  |clk_BUFGP         |   0.000|
num1<28>    |  217.791(R)|      SLOW  |   -5.720(R)|      FAST  |clk_BUFGP         |   0.000|
num1<29>    |  217.379(R)|      SLOW  |   -5.450(R)|      FAST  |clk_BUFGP         |   0.000|
num1<30>    |  217.519(R)|      SLOW  |   -5.512(R)|      FAST  |clk_BUFGP         |   0.000|
num2<0>     |  223.147(R)|      SLOW  |   -6.742(R)|      FAST  |clk_BUFGP         |   0.000|
num2<1>     |  220.466(R)|      SLOW  |   -6.200(R)|      FAST  |clk_BUFGP         |   0.000|
num2<2>     |  222.311(R)|      SLOW  |   -6.361(R)|      FAST  |clk_BUFGP         |   0.000|
num2<3>     |  221.691(R)|      SLOW  |   -6.064(R)|      FAST  |clk_BUFGP         |   0.000|
num2<4>     |  222.447(R)|      SLOW  |   -6.271(R)|      FAST  |clk_BUFGP         |   0.000|
num2<5>     |  221.380(R)|      SLOW  |   -6.157(R)|      FAST  |clk_BUFGP         |   0.000|
num2<6>     |  221.095(R)|      SLOW  |   -5.898(R)|      FAST  |clk_BUFGP         |   0.000|
num2<7>     |  222.762(R)|      SLOW  |   -7.096(R)|      FAST  |clk_BUFGP         |   0.000|
num2<8>     |  221.546(R)|      SLOW  |   -5.930(R)|      FAST  |clk_BUFGP         |   0.000|
num2<9>     |  220.813(R)|      SLOW  |   -5.993(R)|      FAST  |clk_BUFGP         |   0.000|
num2<10>    |  222.458(R)|      SLOW  |   -7.149(R)|      FAST  |clk_BUFGP         |   0.000|
num2<11>    |  221.377(R)|      SLOW  |   -6.026(R)|      FAST  |clk_BUFGP         |   0.000|
num2<12>    |  221.211(R)|      SLOW  |   -6.100(R)|      FAST  |clk_BUFGP         |   0.000|
num2<13>    |  221.047(R)|      SLOW  |   -6.227(R)|      FAST  |clk_BUFGP         |   0.000|
num2<14>    |  221.077(R)|      SLOW  |   -6.119(R)|      FAST  |clk_BUFGP         |   0.000|
num2<15>    |  221.114(R)|      SLOW  |   -5.858(R)|      FAST  |clk_BUFGP         |   0.000|
num2<16>    |  219.509(R)|      SLOW  |   -5.287(R)|      FAST  |clk_BUFGP         |   0.000|
num2<17>    |  219.580(R)|      SLOW  |   -5.057(R)|      FAST  |clk_BUFGP         |   0.000|
num2<18>    |  218.530(R)|      SLOW  |   -4.471(R)|      FAST  |clk_BUFGP         |   0.000|
num2<19>    |  218.368(R)|      SLOW  |   -4.637(R)|      FAST  |clk_BUFGP         |   0.000|
num2<20>    |  218.377(R)|      SLOW  |   -4.751(R)|      FAST  |clk_BUFGP         |   0.000|
num2<21>    |  217.176(R)|      SLOW  |   -4.381(R)|      FAST  |clk_BUFGP         |   0.000|
num2<22>    |  218.507(R)|      SLOW  |   -4.500(R)|      FAST  |clk_BUFGP         |   0.000|
num2<23>    |  221.620(R)|      SLOW  |   -5.530(R)|      FAST  |clk_BUFGP         |   0.000|
num2<24>    |  221.786(R)|      SLOW  |   -5.621(R)|      FAST  |clk_BUFGP         |   0.000|
num2<25>    |  221.970(R)|      SLOW  |   -5.727(R)|      FAST  |clk_BUFGP         |   0.000|
num2<26>    |  221.217(R)|      SLOW  |   -5.642(R)|      FAST  |clk_BUFGP         |   0.000|
num2<27>    |  221.511(R)|      SLOW  |   -5.395(R)|      FAST  |clk_BUFGP         |   0.000|
num2<28>    |  220.999(R)|      SLOW  |   -5.372(R)|      FAST  |clk_BUFGP         |   0.000|
num2<29>    |  221.150(R)|      SLOW  |   -5.509(R)|      FAST  |clk_BUFGP         |   0.000|
num2<30>    |  221.173(R)|      SLOW  |   -5.725(R)|      FAST  |clk_BUFGP         |   0.000|
------------+------------+------------+------------+------------+------------------+--------+

Clock clk to Pad
------------+-----------------+------------+-----------------+------------+------------------+--------+
            |Max (slowest) clk|  Process   |Min (fastest) clk|  Process   |                  | Clock  |
Destination |  (edge) to PAD  |   Corner   |  (edge) to PAD  |   Corner   |Internal Clock(s) | Phase  |
------------+-----------------+------------+-----------------+------------+------------------+--------+
result<0>   |        23.428(R)|      SLOW  |         8.885(R)|      FAST  |clk_BUFGP         |   0.000|
result<1>   |        23.219(R)|      SLOW  |         8.449(R)|      FAST  |clk_BUFGP         |   0.000|
result<2>   |        23.270(R)|      SLOW  |         8.520(R)|      FAST  |clk_BUFGP         |   0.000|
result<3>   |        23.366(R)|      SLOW  |         8.039(R)|      FAST  |clk_BUFGP         |   0.000|
result<4>   |        23.040(R)|      SLOW  |         7.978(R)|      FAST  |clk_BUFGP         |   0.000|
result<5>   |        23.002(R)|      SLOW  |         8.085(R)|      FAST  |clk_BUFGP         |   0.000|
result<6>   |        23.287(R)|      SLOW  |         8.063(R)|      FAST  |clk_BUFGP         |   0.000|
result<7>   |        22.783(R)|      SLOW  |         7.638(R)|      FAST  |clk_BUFGP         |   0.000|
result<8>   |        22.812(R)|      SLOW  |         7.775(R)|      FAST  |clk_BUFGP         |   0.000|
result<9>   |        22.891(R)|      SLOW  |         7.875(R)|      FAST  |clk_BUFGP         |   0.000|
result<10>  |        22.564(R)|      SLOW  |         7.867(R)|      FAST  |clk_BUFGP         |   0.000|
result<11>  |        22.713(R)|      SLOW  |         7.924(R)|      FAST  |clk_BUFGP         |   0.000|
result<12>  |        22.750(R)|      SLOW  |         7.900(R)|      FAST  |clk_BUFGP         |   0.000|
result<13>  |        23.026(R)|      SLOW  |         8.026(R)|      FAST  |clk_BUFGP         |   0.000|
result<14>  |        22.939(R)|      SLOW  |         7.867(R)|      FAST  |clk_BUFGP         |   0.000|
result<15>  |        22.801(R)|      SLOW  |         8.082(R)|      FAST  |clk_BUFGP         |   0.000|
result<16>  |        23.091(R)|      SLOW  |         8.163(R)|      FAST  |clk_BUFGP         |   0.000|
result<17>  |        23.059(R)|      SLOW  |         8.180(R)|      FAST  |clk_BUFGP         |   0.000|
result<18>  |        23.205(R)|      SLOW  |         8.330(R)|      FAST  |clk_BUFGP         |   0.000|
result<19>  |        23.158(R)|      SLOW  |         8.303(R)|      FAST  |clk_BUFGP         |   0.000|
result<20>  |        24.614(R)|      SLOW  |         8.964(R)|      FAST  |clk_BUFGP         |   0.000|
result<21>  |        24.809(R)|      SLOW  |         9.237(R)|      FAST  |clk_BUFGP         |   0.000|
result<22>  |        24.771(R)|      SLOW  |         9.112(R)|      FAST  |clk_BUFGP         |   0.000|
result<23>  |        17.613(R)|      SLOW  |         9.265(R)|      FAST  |clk_BUFGP         |   0.000|
result<24>  |        17.895(R)|      SLOW  |         8.942(R)|      FAST  |clk_BUFGP         |   0.000|
result<25>  |        17.986(R)|      SLOW  |         9.346(R)|      FAST  |clk_BUFGP         |   0.000|
result<26>  |        18.260(R)|      SLOW  |         9.445(R)|      FAST  |clk_BUFGP         |   0.000|
result<27>  |        17.487(R)|      SLOW  |         9.050(R)|      FAST  |clk_BUFGP         |   0.000|
result<28>  |        18.713(R)|      SLOW  |         9.790(R)|      FAST  |clk_BUFGP         |   0.000|
result<29>  |        18.793(R)|      SLOW  |         9.938(R)|      FAST  |clk_BUFGP         |   0.000|
result<30>  |        15.429(R)|      SLOW  |         7.612(R)|      FAST  |clk_BUFGP         |   0.000|
------------+-----------------+------------+-----------------+------------+------------------+--------+

Clock to Setup on destination clock clk
---------------+---------+---------+---------+---------+
               | Src:Rise| Src:Fall| Src:Rise| Src:Fall|
Source Clock   |Dest:Rise|Dest:Rise|Dest:Fall|Dest:Fall|
---------------+---------+---------+---------+---------+
clk            |    5.023|         |         |         |
---------------+---------+---------+---------+---------+

Pad to Pad
---------------+---------------+---------+
Source Pad     |Destination Pad|  Delay  |
---------------+---------------+---------+
decision_bit   |result<0>      |   26.693|
decision_bit   |result<1>      |   26.484|
decision_bit   |result<2>      |   26.535|
decision_bit   |result<3>      |   26.631|
decision_bit   |result<4>      |   26.305|
decision_bit   |result<5>      |   26.267|
decision_bit   |result<6>      |   26.552|
decision_bit   |result<7>      |   26.048|
decision_bit   |result<8>      |   26.077|
decision_bit   |result<9>      |   27.384|
decision_bit   |result<10>     |   27.275|
decision_bit   |result<11>     |   27.334|
decision_bit   |result<12>     |   27.360|
decision_bit   |result<13>     |   27.498|
decision_bit   |result<14>     |   27.363|
decision_bit   |result<15>     |   27.800|
decision_bit   |result<16>     |   28.113|
decision_bit   |result<17>     |   28.118|
decision_bit   |result<18>     |   28.162|
decision_bit   |result<19>     |   28.217|
decision_bit   |result<20>     |   29.673|
decision_bit   |result<21>     |   29.740|
decision_bit   |result<22>     |   29.381|
decision_bit   |result<23>     |   22.672|
decision_bit   |result<24>     |   22.954|
decision_bit   |result<25>     |   23.045|
decision_bit   |result<26>     |   23.319|
decision_bit   |result<27>     |   22.546|
decision_bit   |result<28>     |   23.772|
decision_bit   |result<29>     |   23.852|
decision_bit   |result<30>     |   20.488|
num1<0>        |result<0>      |  145.636|
num1<0>        |result<1>      |  145.427|
num1<0>        |result<2>      |  145.478|
num1<0>        |result<3>      |  145.574|
num1<0>        |result<4>      |  145.248|
num1<0>        |result<5>      |  145.210|
num1<0>        |result<6>      |  145.495|
num1<0>        |result<7>      |  144.991|
num1<0>        |result<8>      |  145.020|
num1<0>        |result<9>      |  145.099|
num1<0>        |result<10>     |  144.772|
num1<0>        |result<11>     |  144.921|
num1<0>        |result<12>     |  144.958|
num1<0>        |result<13>     |  145.234|
num1<0>        |result<14>     |  145.147|
num1<0>        |result<15>     |  145.009|
num1<0>        |result<16>     |  145.299|
num1<0>        |result<17>     |  144.968|
num1<0>        |result<18>     |  145.413|
num1<0>        |result<19>     |  145.358|
num1<0>        |result<20>     |  146.413|
num1<0>        |result<21>     |  147.017|
num1<0>        |result<22>     |  146.979|
num1<0>        |result<23>     |   32.298|
num1<0>        |result<24>     |   32.523|
num1<0>        |result<25>     |   32.577|
num1<0>        |result<26>     |   32.847|
num1<0>        |result<27>     |   32.536|
num1<0>        |result<28>     |   32.676|
num1<0>        |result<29>     |   33.435|
num1<0>        |result<30>     |   30.340|
num1<1>        |result<0>      |  145.733|
num1<1>        |result<1>      |  145.524|
num1<1>        |result<2>      |  145.575|
num1<1>        |result<3>      |  145.671|
num1<1>        |result<4>      |  145.345|
num1<1>        |result<5>      |  145.307|
num1<1>        |result<6>      |  145.592|
num1<1>        |result<7>      |  145.088|
num1<1>        |result<8>      |  145.117|
num1<1>        |result<9>      |  145.196|
num1<1>        |result<10>     |  144.869|
num1<1>        |result<11>     |  145.018|
num1<1>        |result<12>     |  145.055|
num1<1>        |result<13>     |  145.331|
num1<1>        |result<14>     |  145.244|
num1<1>        |result<15>     |  145.106|
num1<1>        |result<16>     |  145.396|
num1<1>        |result<17>     |  145.065|
num1<1>        |result<18>     |  145.510|
num1<1>        |result<19>     |  145.455|
num1<1>        |result<20>     |  146.510|
num1<1>        |result<21>     |  147.114|
num1<1>        |result<22>     |  147.076|
num1<1>        |result<23>     |   28.775|
num1<1>        |result<24>     |   29.000|
num1<1>        |result<25>     |   29.054|
num1<1>        |result<26>     |   29.324|
num1<1>        |result<27>     |   29.013|
num1<1>        |result<28>     |   29.153|
num1<1>        |result<29>     |   29.912|
num1<1>        |result<30>     |   26.817|
num1<2>        |result<0>      |  153.744|
num1<2>        |result<1>      |  153.535|
num1<2>        |result<2>      |  153.586|
num1<2>        |result<3>      |  153.682|
num1<2>        |result<4>      |  153.356|
num1<2>        |result<5>      |  153.318|
num1<2>        |result<6>      |  153.603|
num1<2>        |result<7>      |  153.099|
num1<2>        |result<8>      |  153.128|
num1<2>        |result<9>      |  153.207|
num1<2>        |result<10>     |  152.880|
num1<2>        |result<11>     |  153.029|
num1<2>        |result<12>     |  153.066|
num1<2>        |result<13>     |  153.342|
num1<2>        |result<14>     |  153.255|
num1<2>        |result<15>     |  153.117|
num1<2>        |result<16>     |  153.407|
num1<2>        |result<17>     |  153.076|
num1<2>        |result<18>     |  153.521|
num1<2>        |result<19>     |  153.466|
num1<2>        |result<20>     |  154.521|
num1<2>        |result<21>     |  155.125|
num1<2>        |result<22>     |  155.087|
num1<2>        |result<23>     |   31.811|
num1<2>        |result<24>     |   32.036|
num1<2>        |result<25>     |   32.090|
num1<2>        |result<26>     |   32.360|
num1<2>        |result<27>     |   32.049|
num1<2>        |result<28>     |   32.189|
num1<2>        |result<29>     |   32.948|
num1<2>        |result<30>     |   29.853|
num1<3>        |result<0>      |  158.464|
num1<3>        |result<1>      |  158.255|
num1<3>        |result<2>      |  158.306|
num1<3>        |result<3>      |  158.402|
num1<3>        |result<4>      |  158.076|
num1<3>        |result<5>      |  158.038|
num1<3>        |result<6>      |  158.323|
num1<3>        |result<7>      |  157.819|
num1<3>        |result<8>      |  157.848|
num1<3>        |result<9>      |  157.927|
num1<3>        |result<10>     |  157.600|
num1<3>        |result<11>     |  157.749|
num1<3>        |result<12>     |  157.786|
num1<3>        |result<13>     |  158.062|
num1<3>        |result<14>     |  157.975|
num1<3>        |result<15>     |  157.837|
num1<3>        |result<16>     |  158.127|
num1<3>        |result<17>     |  157.796|
num1<3>        |result<18>     |  158.241|
num1<3>        |result<19>     |  158.186|
num1<3>        |result<20>     |  159.241|
num1<3>        |result<21>     |  159.845|
num1<3>        |result<22>     |  159.807|
num1<3>        |result<23>     |   33.360|
num1<3>        |result<24>     |   33.585|
num1<3>        |result<25>     |   33.639|
num1<3>        |result<26>     |   33.909|
num1<3>        |result<27>     |   33.598|
num1<3>        |result<28>     |   33.738|
num1<3>        |result<29>     |   34.497|
num1<3>        |result<30>     |   31.402|
num1<4>        |result<0>      |  162.421|
num1<4>        |result<1>      |  162.212|
num1<4>        |result<2>      |  162.263|
num1<4>        |result<3>      |  162.359|
num1<4>        |result<4>      |  162.033|
num1<4>        |result<5>      |  161.995|
num1<4>        |result<6>      |  162.280|
num1<4>        |result<7>      |  161.776|
num1<4>        |result<8>      |  161.805|
num1<4>        |result<9>      |  161.884|
num1<4>        |result<10>     |  161.557|
num1<4>        |result<11>     |  161.706|
num1<4>        |result<12>     |  161.743|
num1<4>        |result<13>     |  162.019|
num1<4>        |result<14>     |  161.932|
num1<4>        |result<15>     |  161.794|
num1<4>        |result<16>     |  162.084|
num1<4>        |result<17>     |  161.753|
num1<4>        |result<18>     |  162.198|
num1<4>        |result<19>     |  162.143|
num1<4>        |result<20>     |  163.198|
num1<4>        |result<21>     |  163.802|
num1<4>        |result<22>     |  163.764|
num1<4>        |result<23>     |   32.730|
num1<4>        |result<24>     |   32.955|
num1<4>        |result<25>     |   33.009|
num1<4>        |result<26>     |   33.279|
num1<4>        |result<27>     |   32.968|
num1<4>        |result<28>     |   33.108|
num1<4>        |result<29>     |   33.867|
num1<4>        |result<30>     |   30.772|
num1<5>        |result<0>      |  167.285|
num1<5>        |result<1>      |  167.076|
num1<5>        |result<2>      |  167.127|
num1<5>        |result<3>      |  167.223|
num1<5>        |result<4>      |  166.897|
num1<5>        |result<5>      |  166.859|
num1<5>        |result<6>      |  167.144|
num1<5>        |result<7>      |  166.640|
num1<5>        |result<8>      |  166.669|
num1<5>        |result<9>      |  166.748|
num1<5>        |result<10>     |  166.421|
num1<5>        |result<11>     |  166.570|
num1<5>        |result<12>     |  166.607|
num1<5>        |result<13>     |  166.883|
num1<5>        |result<14>     |  166.796|
num1<5>        |result<15>     |  166.658|
num1<5>        |result<16>     |  166.948|
num1<5>        |result<17>     |  166.617|
num1<5>        |result<18>     |  167.062|
num1<5>        |result<19>     |  167.007|
num1<5>        |result<20>     |  168.062|
num1<5>        |result<21>     |  168.666|
num1<5>        |result<22>     |  168.628|
num1<5>        |result<23>     |   34.351|
num1<5>        |result<24>     |   34.576|
num1<5>        |result<25>     |   34.630|
num1<5>        |result<26>     |   34.900|
num1<5>        |result<27>     |   34.589|
num1<5>        |result<28>     |   34.729|
num1<5>        |result<29>     |   35.488|
num1<5>        |result<30>     |   32.393|
num1<6>        |result<0>      |  169.748|
num1<6>        |result<1>      |  169.539|
num1<6>        |result<2>      |  169.590|
num1<6>        |result<3>      |  169.686|
num1<6>        |result<4>      |  169.360|
num1<6>        |result<5>      |  169.322|
num1<6>        |result<6>      |  169.607|
num1<6>        |result<7>      |  169.103|
num1<6>        |result<8>      |  169.132|
num1<6>        |result<9>      |  169.211|
num1<6>        |result<10>     |  168.884|
num1<6>        |result<11>     |  169.033|
num1<6>        |result<12>     |  169.070|
num1<6>        |result<13>     |  169.346|
num1<6>        |result<14>     |  169.259|
num1<6>        |result<15>     |  169.121|
num1<6>        |result<16>     |  169.411|
num1<6>        |result<17>     |  169.080|
num1<6>        |result<18>     |  169.525|
num1<6>        |result<19>     |  169.470|
num1<6>        |result<20>     |  170.525|
num1<6>        |result<21>     |  171.129|
num1<6>        |result<22>     |  171.091|
num1<6>        |result<23>     |   32.257|
num1<6>        |result<24>     |   32.482|
num1<6>        |result<25>     |   32.536|
num1<6>        |result<26>     |   32.806|
num1<6>        |result<27>     |   32.495|
num1<6>        |result<28>     |   32.635|
num1<6>        |result<29>     |   33.394|
num1<6>        |result<30>     |   30.299|
num1<7>        |result<0>      |  173.279|
num1<7>        |result<1>      |  173.070|
num1<7>        |result<2>      |  173.121|
num1<7>        |result<3>      |  173.217|
num1<7>        |result<4>      |  172.891|
num1<7>        |result<5>      |  172.853|
num1<7>        |result<6>      |  173.138|
num1<7>        |result<7>      |  172.634|
num1<7>        |result<8>      |  172.663|
num1<7>        |result<9>      |  172.742|
num1<7>        |result<10>     |  172.415|
num1<7>        |result<11>     |  172.564|
num1<7>        |result<12>     |  172.601|
num1<7>        |result<13>     |  172.877|
num1<7>        |result<14>     |  172.790|
num1<7>        |result<15>     |  172.652|
num1<7>        |result<16>     |  172.942|
num1<7>        |result<17>     |  172.611|
num1<7>        |result<18>     |  173.056|
num1<7>        |result<19>     |  173.001|
num1<7>        |result<20>     |  174.056|
num1<7>        |result<21>     |  174.660|
num1<7>        |result<22>     |  174.622|
num1<7>        |result<23>     |   31.652|
num1<7>        |result<24>     |   31.877|
num1<7>        |result<25>     |   31.931|
num1<7>        |result<26>     |   32.201|
num1<7>        |result<27>     |   31.890|
num1<7>        |result<28>     |   32.030|
num1<7>        |result<29>     |   32.789|
num1<7>        |result<30>     |   29.694|
num1<8>        |result<0>      |  177.530|
num1<8>        |result<1>      |  177.321|
num1<8>        |result<2>      |  177.372|
num1<8>        |result<3>      |  177.468|
num1<8>        |result<4>      |  177.142|
num1<8>        |result<5>      |  177.104|
num1<8>        |result<6>      |  177.389|
num1<8>        |result<7>      |  176.885|
num1<8>        |result<8>      |  176.914|
num1<8>        |result<9>      |  176.993|
num1<8>        |result<10>     |  176.666|
num1<8>        |result<11>     |  176.815|
num1<8>        |result<12>     |  176.852|
num1<8>        |result<13>     |  177.128|
num1<8>        |result<14>     |  177.041|
num1<8>        |result<15>     |  176.903|
num1<8>        |result<16>     |  177.193|
num1<8>        |result<17>     |  176.862|
num1<8>        |result<18>     |  177.307|
num1<8>        |result<19>     |  177.252|
num1<8>        |result<20>     |  178.307|
num1<8>        |result<21>     |  178.911|
num1<8>        |result<22>     |  178.873|
num1<8>        |result<23>     |   32.899|
num1<8>        |result<24>     |   33.124|
num1<8>        |result<25>     |   33.178|
num1<8>        |result<26>     |   33.448|
num1<8>        |result<27>     |   33.137|
num1<8>        |result<28>     |   33.277|
num1<8>        |result<29>     |   34.036|
num1<8>        |result<30>     |   30.941|
num1<9>        |result<0>      |  182.295|
num1<9>        |result<1>      |  182.086|
num1<9>        |result<2>      |  182.137|
num1<9>        |result<3>      |  182.233|
num1<9>        |result<4>      |  181.907|
num1<9>        |result<5>      |  181.869|
num1<9>        |result<6>      |  182.154|
num1<9>        |result<7>      |  181.650|
num1<9>        |result<8>      |  181.679|
num1<9>        |result<9>      |  181.758|
num1<9>        |result<10>     |  181.431|
num1<9>        |result<11>     |  181.580|
num1<9>        |result<12>     |  181.617|
num1<9>        |result<13>     |  181.893|
num1<9>        |result<14>     |  181.806|
num1<9>        |result<15>     |  181.668|
num1<9>        |result<16>     |  181.958|
num1<9>        |result<17>     |  181.627|
num1<9>        |result<18>     |  182.072|
num1<9>        |result<19>     |  182.017|
num1<9>        |result<20>     |  183.072|
num1<9>        |result<21>     |  183.676|
num1<9>        |result<22>     |  183.638|
num1<9>        |result<23>     |   33.074|
num1<9>        |result<24>     |   33.299|
num1<9>        |result<25>     |   33.353|
num1<9>        |result<26>     |   33.623|
num1<9>        |result<27>     |   33.312|
num1<9>        |result<28>     |   33.452|
num1<9>        |result<29>     |   34.211|
num1<9>        |result<30>     |   31.116|
num1<10>       |result<0>      |  186.679|
num1<10>       |result<1>      |  186.470|
num1<10>       |result<2>      |  186.521|
num1<10>       |result<3>      |  186.617|
num1<10>       |result<4>      |  186.291|
num1<10>       |result<5>      |  186.253|
num1<10>       |result<6>      |  186.538|
num1<10>       |result<7>      |  186.034|
num1<10>       |result<8>      |  186.063|
num1<10>       |result<9>      |  186.142|
num1<10>       |result<10>     |  185.815|
num1<10>       |result<11>     |  185.964|
num1<10>       |result<12>     |  186.001|
num1<10>       |result<13>     |  186.277|
num1<10>       |result<14>     |  186.190|
num1<10>       |result<15>     |  186.052|
num1<10>       |result<16>     |  186.342|
num1<10>       |result<17>     |  186.011|
num1<10>       |result<18>     |  186.456|
num1<10>       |result<19>     |  186.401|
num1<10>       |result<20>     |  187.456|
num1<10>       |result<21>     |  188.060|
num1<10>       |result<22>     |  188.022|
num1<10>       |result<23>     |   31.534|
num1<10>       |result<24>     |   31.759|
num1<10>       |result<25>     |   31.813|
num1<10>       |result<26>     |   32.083|
num1<10>       |result<27>     |   31.772|
num1<10>       |result<28>     |   31.912|
num1<10>       |result<29>     |   32.671|
num1<10>       |result<30>     |   29.576|
num1<11>       |result<0>      |  190.838|
num1<11>       |result<1>      |  190.629|
num1<11>       |result<2>      |  190.680|
num1<11>       |result<3>      |  190.776|
num1<11>       |result<4>      |  190.450|
num1<11>       |result<5>      |  190.412|
num1<11>       |result<6>      |  190.697|
num1<11>       |result<7>      |  190.193|
num1<11>       |result<8>      |  190.222|
num1<11>       |result<9>      |  190.301|
num1<11>       |result<10>     |  189.974|
num1<11>       |result<11>     |  190.123|
num1<11>       |result<12>     |  190.160|
num1<11>       |result<13>     |  190.436|
num1<11>       |result<14>     |  190.349|
num1<11>       |result<15>     |  190.211|
num1<11>       |result<16>     |  190.501|
num1<11>       |result<17>     |  190.170|
num1<11>       |result<18>     |  190.615|
num1<11>       |result<19>     |  190.560|
num1<11>       |result<20>     |  191.615|
num1<11>       |result<21>     |  192.219|
num1<11>       |result<22>     |  192.181|
num1<11>       |result<23>     |   32.478|
num1<11>       |result<24>     |   32.703|
num1<11>       |result<25>     |   32.757|
num1<11>       |result<26>     |   33.027|
num1<11>       |result<27>     |   32.716|
num1<11>       |result<28>     |   32.856|
num1<11>       |result<29>     |   33.615|
num1<11>       |result<30>     |   30.520|
num1<12>       |result<0>      |  195.334|
num1<12>       |result<1>      |  195.125|
num1<12>       |result<2>      |  195.176|
num1<12>       |result<3>      |  195.272|
num1<12>       |result<4>      |  194.946|
num1<12>       |result<5>      |  194.908|
num1<12>       |result<6>      |  195.193|
num1<12>       |result<7>      |  194.689|
num1<12>       |result<8>      |  194.718|
num1<12>       |result<9>      |  194.797|
num1<12>       |result<10>     |  194.470|
num1<12>       |result<11>     |  194.619|
num1<12>       |result<12>     |  194.656|
num1<12>       |result<13>     |  194.932|
num1<12>       |result<14>     |  194.845|
num1<12>       |result<15>     |  194.707|
num1<12>       |result<16>     |  194.997|
num1<12>       |result<17>     |  194.666|
num1<12>       |result<18>     |  195.111|
num1<12>       |result<19>     |  195.056|
num1<12>       |result<20>     |  196.111|
num1<12>       |result<21>     |  196.715|
num1<12>       |result<22>     |  196.677|
num1<12>       |result<23>     |   30.601|
num1<12>       |result<24>     |   30.826|
num1<12>       |result<25>     |   30.880|
num1<12>       |result<26>     |   31.150|
num1<12>       |result<27>     |   30.839|
num1<12>       |result<28>     |   30.979|
num1<12>       |result<29>     |   31.738|
num1<12>       |result<30>     |   28.643|
num1<13>       |result<0>      |  197.439|
num1<13>       |result<1>      |  197.230|
num1<13>       |result<2>      |  197.281|
num1<13>       |result<3>      |  197.377|
num1<13>       |result<4>      |  197.051|
num1<13>       |result<5>      |  197.013|
num1<13>       |result<6>      |  197.298|
num1<13>       |result<7>      |  196.794|
num1<13>       |result<8>      |  196.823|
num1<13>       |result<9>      |  196.902|
num1<13>       |result<10>     |  196.575|
num1<13>       |result<11>     |  196.724|
num1<13>       |result<12>     |  196.761|
num1<13>       |result<13>     |  197.037|
num1<13>       |result<14>     |  196.950|
num1<13>       |result<15>     |  196.812|
num1<13>       |result<16>     |  197.102|
num1<13>       |result<17>     |  196.771|
num1<13>       |result<18>     |  197.216|
num1<13>       |result<19>     |  197.161|
num1<13>       |result<20>     |  198.216|
num1<13>       |result<21>     |  198.820|
num1<13>       |result<22>     |  198.782|
num1<13>       |result<23>     |   30.110|
num1<13>       |result<24>     |   30.335|
num1<13>       |result<25>     |   30.389|
num1<13>       |result<26>     |   30.659|
num1<13>       |result<27>     |   30.348|
num1<13>       |result<28>     |   30.488|
num1<13>       |result<29>     |   31.247|
num1<13>       |result<30>     |   28.152|
num1<14>       |result<0>      |  201.563|
num1<14>       |result<1>      |  201.354|
num1<14>       |result<2>      |  201.405|
num1<14>       |result<3>      |  201.501|
num1<14>       |result<4>      |  201.175|
num1<14>       |result<5>      |  201.137|
num1<14>       |result<6>      |  201.422|
num1<14>       |result<7>      |  200.918|
num1<14>       |result<8>      |  200.947|
num1<14>       |result<9>      |  201.026|
num1<14>       |result<10>     |  200.699|
num1<14>       |result<11>     |  200.848|
num1<14>       |result<12>     |  200.885|
num1<14>       |result<13>     |  201.161|
num1<14>       |result<14>     |  201.074|
num1<14>       |result<15>     |  200.936|
num1<14>       |result<16>     |  201.226|
num1<14>       |result<17>     |  200.895|
num1<14>       |result<18>     |  201.340|
num1<14>       |result<19>     |  201.285|
num1<14>       |result<20>     |  202.340|
num1<14>       |result<21>     |  202.944|
num1<14>       |result<22>     |  202.906|
num1<14>       |result<23>     |   31.397|
num1<14>       |result<24>     |   31.622|
num1<14>       |result<25>     |   31.676|
num1<14>       |result<26>     |   31.946|
num1<14>       |result<27>     |   31.635|
num1<14>       |result<28>     |   31.775|
num1<14>       |result<29>     |   32.534|
num1<14>       |result<30>     |   29.439|
num1<15>       |result<0>      |  204.179|
num1<15>       |result<1>      |  203.970|
num1<15>       |result<2>      |  204.021|
num1<15>       |result<3>      |  204.117|
num1<15>       |result<4>      |  203.791|
num1<15>       |result<5>      |  203.753|
num1<15>       |result<6>      |  204.038|
num1<15>       |result<7>      |  203.534|
num1<15>       |result<8>      |  203.563|
num1<15>       |result<9>      |  203.642|
num1<15>       |result<10>     |  203.315|
num1<15>       |result<11>     |  203.464|
num1<15>       |result<12>     |  203.501|
num1<15>       |result<13>     |  203.777|
num1<15>       |result<14>     |  203.690|
num1<15>       |result<15>     |  203.552|
num1<15>       |result<16>     |  203.842|
num1<15>       |result<17>     |  203.511|
num1<15>       |result<18>     |  203.956|
num1<15>       |result<19>     |  203.901|
num1<15>       |result<20>     |  204.956|
num1<15>       |result<21>     |  205.560|
num1<15>       |result<22>     |  205.522|
num1<15>       |result<23>     |   30.307|
num1<15>       |result<24>     |   30.532|
num1<15>       |result<25>     |   30.586|
num1<15>       |result<26>     |   30.856|
num1<15>       |result<27>     |   30.545|
num1<15>       |result<28>     |   30.685|
num1<15>       |result<29>     |   31.444|
num1<15>       |result<30>     |   28.349|
num1<16>       |result<0>      |  206.033|
num1<16>       |result<1>      |  205.824|
num1<16>       |result<2>      |  205.875|
num1<16>       |result<3>      |  205.971|
num1<16>       |result<4>      |  205.645|
num1<16>       |result<5>      |  205.607|
num1<16>       |result<6>      |  205.892|
num1<16>       |result<7>      |  205.388|
num1<16>       |result<8>      |  205.417|
num1<16>       |result<9>      |  205.496|
num1<16>       |result<10>     |  205.169|
num1<16>       |result<11>     |  205.318|
num1<16>       |result<12>     |  205.355|
num1<16>       |result<13>     |  205.631|
num1<16>       |result<14>     |  205.544|
num1<16>       |result<15>     |  205.406|
num1<16>       |result<16>     |  205.696|
num1<16>       |result<17>     |  205.365|
num1<16>       |result<18>     |  205.810|
num1<16>       |result<19>     |  205.755|
num1<16>       |result<20>     |  206.810|
num1<16>       |result<21>     |  207.414|
num1<16>       |result<22>     |  207.376|
num1<16>       |result<23>     |   28.845|
num1<16>       |result<24>     |   29.070|
num1<16>       |result<25>     |   29.124|
num1<16>       |result<26>     |   29.394|
num1<16>       |result<27>     |   29.083|
num1<16>       |result<28>     |   29.223|
num1<16>       |result<29>     |   29.982|
num1<16>       |result<30>     |   26.887|
num1<17>       |result<0>      |  209.205|
num1<17>       |result<1>      |  208.996|
num1<17>       |result<2>      |  209.047|
num1<17>       |result<3>      |  209.143|
num1<17>       |result<4>      |  208.817|
num1<17>       |result<5>      |  208.779|
num1<17>       |result<6>      |  209.064|
num1<17>       |result<7>      |  208.560|
num1<17>       |result<8>      |  208.589|
num1<17>       |result<9>      |  208.668|
num1<17>       |result<10>     |  208.341|
num1<17>       |result<11>     |  208.490|
num1<17>       |result<12>     |  208.527|
num1<17>       |result<13>     |  208.803|
num1<17>       |result<14>     |  208.716|
num1<17>       |result<15>     |  208.578|
num1<17>       |result<16>     |  208.868|
num1<17>       |result<17>     |  208.537|
num1<17>       |result<18>     |  208.982|
num1<17>       |result<19>     |  208.927|
num1<17>       |result<20>     |  209.982|
num1<17>       |result<21>     |  210.586|
num1<17>       |result<22>     |  210.548|
num1<17>       |result<23>     |   26.292|
num1<17>       |result<24>     |   26.517|
num1<17>       |result<25>     |   26.571|
num1<17>       |result<26>     |   26.841|
num1<17>       |result<27>     |   26.530|
num1<17>       |result<28>     |   26.670|
num1<17>       |result<29>     |   27.429|
num1<17>       |result<30>     |   24.334|
num1<18>       |result<0>      |  213.285|
num1<18>       |result<1>      |  213.076|
num1<18>       |result<2>      |  213.127|
num1<18>       |result<3>      |  213.223|
num1<18>       |result<4>      |  212.897|
num1<18>       |result<5>      |  212.859|
num1<18>       |result<6>      |  213.144|
num1<18>       |result<7>      |  212.640|
num1<18>       |result<8>      |  212.669|
num1<18>       |result<9>      |  212.748|
num1<18>       |result<10>     |  212.421|
num1<18>       |result<11>     |  212.570|
num1<18>       |result<12>     |  212.607|
num1<18>       |result<13>     |  212.883|
num1<18>       |result<14>     |  212.796|
num1<18>       |result<15>     |  212.658|
num1<18>       |result<16>     |  212.948|
num1<18>       |result<17>     |  212.617|
num1<18>       |result<18>     |  213.062|
num1<18>       |result<19>     |  213.007|
num1<18>       |result<20>     |  214.062|
num1<18>       |result<21>     |  214.666|
num1<18>       |result<22>     |  214.628|
num1<18>       |result<23>     |   26.209|
num1<18>       |result<24>     |   26.434|
num1<18>       |result<25>     |   26.488|
num1<18>       |result<26>     |   26.758|
num1<18>       |result<27>     |   26.447|
num1<18>       |result<28>     |   26.587|
num1<18>       |result<29>     |   27.346|
num1<18>       |result<30>     |   24.251|
num1<19>       |result<0>      |  217.127|
num1<19>       |result<1>      |  216.918|
num1<19>       |result<2>      |  216.969|
num1<19>       |result<3>      |  217.065|
num1<19>       |result<4>      |  216.739|
num1<19>       |result<5>      |  216.701|
num1<19>       |result<6>      |  216.986|
num1<19>       |result<7>      |  216.482|
num1<19>       |result<8>      |  216.511|
num1<19>       |result<9>      |  216.590|
num1<19>       |result<10>     |  216.263|
num1<19>       |result<11>     |  216.412|
num1<19>       |result<12>     |  216.449|
num1<19>       |result<13>     |  216.725|
num1<19>       |result<14>     |  216.638|
num1<19>       |result<15>     |  216.500|
num1<19>       |result<16>     |  216.790|
num1<19>       |result<17>     |  216.459|
num1<19>       |result<18>     |  216.904|
num1<19>       |result<19>     |  216.849|
num1<19>       |result<20>     |  217.904|
num1<19>       |result<21>     |  218.508|
num1<19>       |result<22>     |  218.470|
num1<19>       |result<23>     |   26.112|
num1<19>       |result<24>     |   26.337|
num1<19>       |result<25>     |   26.391|
num1<19>       |result<26>     |   26.661|
num1<19>       |result<27>     |   26.350|
num1<19>       |result<28>     |   26.490|
num1<19>       |result<29>     |   27.249|
num1<19>       |result<30>     |   24.154|
num1<20>       |result<0>      |  219.313|
num1<20>       |result<1>      |  219.104|
num1<20>       |result<2>      |  219.155|
num1<20>       |result<3>      |  219.251|
num1<20>       |result<4>      |  218.925|
num1<20>       |result<5>      |  218.887|
num1<20>       |result<6>      |  219.172|
num1<20>       |result<7>      |  218.668|
num1<20>       |result<8>      |  218.697|
num1<20>       |result<9>      |  218.776|
num1<20>       |result<10>     |  218.449|
num1<20>       |result<11>     |  218.598|
num1<20>       |result<12>     |  218.635|
num1<20>       |result<13>     |  218.911|
num1<20>       |result<14>     |  218.824|
num1<20>       |result<15>     |  218.686|
num1<20>       |result<16>     |  218.976|
num1<20>       |result<17>     |  218.645|
num1<20>       |result<18>     |  219.090|
num1<20>       |result<19>     |  219.035|
num1<20>       |result<20>     |  220.090|
num1<20>       |result<21>     |  220.694|
num1<20>       |result<22>     |  220.656|
num1<20>       |result<23>     |   26.986|
num1<20>       |result<24>     |   27.211|
num1<20>       |result<25>     |   27.265|
num1<20>       |result<26>     |   27.535|
num1<20>       |result<27>     |   27.224|
num1<20>       |result<28>     |   27.364|
num1<20>       |result<29>     |   28.123|
num1<20>       |result<30>     |   25.028|
num1<21>       |result<0>      |  224.150|
num1<21>       |result<1>      |  223.941|
num1<21>       |result<2>      |  223.992|
num1<21>       |result<3>      |  224.088|
num1<21>       |result<4>      |  223.762|
num1<21>       |result<5>      |  223.724|
num1<21>       |result<6>      |  224.009|
num1<21>       |result<7>      |  223.505|
num1<21>       |result<8>      |  223.534|
num1<21>       |result<9>      |  223.613|
num1<21>       |result<10>     |  223.286|
num1<21>       |result<11>     |  223.435|
num1<21>       |result<12>     |  223.472|
num1<21>       |result<13>     |  223.748|
num1<21>       |result<14>     |  223.661|
num1<21>       |result<15>     |  223.523|
num1<21>       |result<16>     |  223.813|
num1<21>       |result<17>     |  223.482|
num1<21>       |result<18>     |  223.927|
num1<21>       |result<19>     |  223.872|
num1<21>       |result<20>     |  224.927|
num1<21>       |result<21>     |  225.531|
num1<21>       |result<22>     |  225.493|
num1<21>       |result<23>     |   27.367|
num1<21>       |result<24>     |   27.592|
num1<21>       |result<25>     |   27.646|
num1<21>       |result<26>     |   27.916|
num1<21>       |result<27>     |   27.605|
num1<21>       |result<28>     |   27.745|
num1<21>       |result<29>     |   28.504|
num1<21>       |result<30>     |   25.409|
num1<22>       |result<0>      |  228.528|
num1<22>       |result<1>      |  228.319|
num1<22>       |result<2>      |  228.370|
num1<22>       |result<3>      |  228.466|
num1<22>       |result<4>      |  228.140|
num1<22>       |result<5>      |  228.102|
num1<22>       |result<6>      |  228.387|
num1<22>       |result<7>      |  227.883|
num1<22>       |result<8>      |  227.912|
num1<22>       |result<9>      |  227.991|
num1<22>       |result<10>     |  227.664|
num1<22>       |result<11>     |  227.813|
num1<22>       |result<12>     |  227.850|
num1<22>       |result<13>     |  228.126|
num1<22>       |result<14>     |  228.039|
num1<22>       |result<15>     |  227.901|
num1<22>       |result<16>     |  228.191|
num1<22>       |result<17>     |  227.860|
num1<22>       |result<18>     |  228.305|
num1<22>       |result<19>     |  228.250|
num1<22>       |result<20>     |  229.305|
num1<22>       |result<21>     |  229.909|
num1<22>       |result<22>     |  229.871|
num1<22>       |result<23>     |   27.168|
num1<22>       |result<24>     |   27.393|
num1<22>       |result<25>     |   27.447|
num1<22>       |result<26>     |   27.717|
num1<22>       |result<27>     |   27.406|
num1<22>       |result<28>     |   27.546|
num1<22>       |result<29>     |   28.305|
num1<22>       |result<30>     |   25.210|
num1<23>       |result<0>      |  232.007|
num1<23>       |result<1>      |  231.798|
num1<23>       |result<2>      |  231.849|
num1<23>       |result<3>      |  231.945|
num1<23>       |result<4>      |  231.619|
num1<23>       |result<5>      |  231.581|
num1<23>       |result<6>      |  231.866|
num1<23>       |result<7>      |  231.362|
num1<23>       |result<8>      |  231.391|
num1<23>       |result<9>      |  231.470|
num1<23>       |result<10>     |  231.143|
num1<23>       |result<11>     |  231.292|
num1<23>       |result<12>     |  231.329|
num1<23>       |result<13>     |  231.605|
num1<23>       |result<14>     |  231.518|
num1<23>       |result<15>     |  231.380|
num1<23>       |result<16>     |  231.670|
num1<23>       |result<17>     |  231.339|
num1<23>       |result<18>     |  231.784|
num1<23>       |result<19>     |  231.729|
num1<23>       |result<20>     |  232.784|
num1<23>       |result<21>     |  233.388|
num1<23>       |result<22>     |  233.350|
num1<23>       |result<23>     |   27.456|
num1<23>       |result<24>     |   27.681|
num1<23>       |result<25>     |   27.735|
num1<23>       |result<26>     |   28.005|
num1<23>       |result<27>     |   27.694|
num1<23>       |result<28>     |   27.834|
num1<23>       |result<29>     |   28.593|
num1<23>       |result<30>     |   25.498|
num1<24>       |result<0>      |  233.076|
num1<24>       |result<1>      |  232.867|
num1<24>       |result<2>      |  232.918|
num1<24>       |result<3>      |  233.014|
num1<24>       |result<4>      |  232.688|
num1<24>       |result<5>      |  232.650|
num1<24>       |result<6>      |  232.935|
num1<24>       |result<7>      |  232.431|
num1<24>       |result<8>      |  232.460|
num1<24>       |result<9>      |  232.539|
num1<24>       |result<10>     |  232.212|
num1<24>       |result<11>     |  232.361|
num1<24>       |result<12>     |  232.398|
num1<24>       |result<13>     |  232.674|
num1<24>       |result<14>     |  232.587|
num1<24>       |result<15>     |  232.449|
num1<24>       |result<16>     |  232.739|
num1<24>       |result<17>     |  232.408|
num1<24>       |result<18>     |  232.853|
num1<24>       |result<19>     |  232.798|
num1<24>       |result<20>     |  233.853|
num1<24>       |result<21>     |  234.457|
num1<24>       |result<22>     |  234.419|
num1<24>       |result<23>     |   28.525|
num1<24>       |result<24>     |   28.750|
num1<24>       |result<25>     |   28.804|
num1<24>       |result<26>     |   29.074|
num1<24>       |result<27>     |   28.763|
num1<24>       |result<28>     |   28.903|
num1<24>       |result<29>     |   29.662|
num1<24>       |result<30>     |   26.567|
num1<25>       |result<0>      |  232.958|
num1<25>       |result<1>      |  232.749|
num1<25>       |result<2>      |  232.800|
num1<25>       |result<3>      |  232.896|
num1<25>       |result<4>      |  232.570|
num1<25>       |result<5>      |  232.532|
num1<25>       |result<6>      |  232.817|
num1<25>       |result<7>      |  232.313|
num1<25>       |result<8>      |  232.342|
num1<25>       |result<9>      |  232.421|
num1<25>       |result<10>     |  232.094|
num1<25>       |result<11>     |  232.243|
num1<25>       |result<12>     |  232.280|
num1<25>       |result<13>     |  232.556|
num1<25>       |result<14>     |  232.469|
num1<25>       |result<15>     |  232.331|
num1<25>       |result<16>     |  232.621|
num1<25>       |result<17>     |  232.290|
num1<25>       |result<18>     |  232.735|
num1<25>       |result<19>     |  232.680|
num1<25>       |result<20>     |  233.735|
num1<25>       |result<21>     |  234.339|
num1<25>       |result<22>     |  234.301|
num1<25>       |result<23>     |   28.407|
num1<25>       |result<24>     |   28.632|
num1<25>       |result<25>     |   28.686|
num1<25>       |result<26>     |   28.956|
num1<25>       |result<27>     |   28.645|
num1<25>       |result<28>     |   28.785|
num1<25>       |result<29>     |   29.544|
num1<25>       |result<30>     |   26.449|
num1<26>       |result<0>      |  232.989|
num1<26>       |result<1>      |  232.780|
num1<26>       |result<2>      |  232.831|
num1<26>       |result<3>      |  232.927|
num1<26>       |result<4>      |  232.601|
num1<26>       |result<5>      |  232.563|
num1<26>       |result<6>      |  232.848|
num1<26>       |result<7>      |  232.344|
num1<26>       |result<8>      |  232.373|
num1<26>       |result<9>      |  232.452|
num1<26>       |result<10>     |  232.125|
num1<26>       |result<11>     |  232.274|
num1<26>       |result<12>     |  232.311|
num1<26>       |result<13>     |  232.587|
num1<26>       |result<14>     |  232.500|
num1<26>       |result<15>     |  232.362|
num1<26>       |result<16>     |  232.652|
num1<26>       |result<17>     |  232.321|
num1<26>       |result<18>     |  232.766|
num1<26>       |result<19>     |  232.711|
num1<26>       |result<20>     |  233.766|
num1<26>       |result<21>     |  234.370|
num1<26>       |result<22>     |  234.332|
num1<26>       |result<23>     |   28.438|
num1<26>       |result<24>     |   28.663|
num1<26>       |result<25>     |   28.717|
num1<26>       |result<26>     |   28.987|
num1<26>       |result<27>     |   28.676|
num1<26>       |result<28>     |   28.816|
num1<26>       |result<29>     |   29.575|
num1<26>       |result<30>     |   26.480|
num1<27>       |result<0>      |  232.593|
num1<27>       |result<1>      |  232.384|
num1<27>       |result<2>      |  232.435|
num1<27>       |result<3>      |  232.531|
num1<27>       |result<4>      |  232.205|
num1<27>       |result<5>      |  232.167|
num1<27>       |result<6>      |  232.452|
num1<27>       |result<7>      |  231.948|
num1<27>       |result<8>      |  231.977|
num1<27>       |result<9>      |  232.056|
num1<27>       |result<10>     |  231.729|
num1<27>       |result<11>     |  231.878|
num1<27>       |result<12>     |  231.915|
num1<27>       |result<13>     |  232.191|
num1<27>       |result<14>     |  232.104|
num1<27>       |result<15>     |  231.966|
num1<27>       |result<16>     |  232.256|
num1<27>       |result<17>     |  231.925|
num1<27>       |result<18>     |  232.370|
num1<27>       |result<19>     |  232.315|
num1<27>       |result<20>     |  233.370|
num1<27>       |result<21>     |  233.974|
num1<27>       |result<22>     |  233.936|
num1<27>       |result<23>     |   28.042|
num1<27>       |result<24>     |   28.267|
num1<27>       |result<25>     |   28.321|
num1<27>       |result<26>     |   28.591|
num1<27>       |result<27>     |   28.280|
num1<27>       |result<28>     |   28.420|
num1<27>       |result<29>     |   29.179|
num1<27>       |result<30>     |   26.084|
num1<28>       |result<0>      |  232.844|
num1<28>       |result<1>      |  232.635|
num1<28>       |result<2>      |  232.686|
num1<28>       |result<3>      |  232.782|
num1<28>       |result<4>      |  232.456|
num1<28>       |result<5>      |  232.418|
num1<28>       |result<6>      |  232.703|
num1<28>       |result<7>      |  232.199|
num1<28>       |result<8>      |  232.228|
num1<28>       |result<9>      |  232.307|
num1<28>       |result<10>     |  231.980|
num1<28>       |result<11>     |  232.129|
num1<28>       |result<12>     |  232.166|
num1<28>       |result<13>     |  232.442|
num1<28>       |result<14>     |  232.355|
num1<28>       |result<15>     |  232.217|
num1<28>       |result<16>     |  232.507|
num1<28>       |result<17>     |  232.176|
num1<28>       |result<18>     |  232.621|
num1<28>       |result<19>     |  232.566|
num1<28>       |result<20>     |  233.621|
num1<28>       |result<21>     |  234.225|
num1<28>       |result<22>     |  234.187|
num1<28>       |result<23>     |   28.293|
num1<28>       |result<24>     |   28.518|
num1<28>       |result<25>     |   28.572|
num1<28>       |result<26>     |   28.842|
num1<28>       |result<27>     |   28.531|
num1<28>       |result<28>     |   28.671|
num1<28>       |result<29>     |   29.430|
num1<28>       |result<30>     |   26.335|
num1<29>       |result<0>      |  232.432|
num1<29>       |result<1>      |  232.223|
num1<29>       |result<2>      |  232.274|
num1<29>       |result<3>      |  232.370|
num1<29>       |result<4>      |  232.044|
num1<29>       |result<5>      |  232.006|
num1<29>       |result<6>      |  232.291|
num1<29>       |result<7>      |  231.787|
num1<29>       |result<8>      |  231.816|
num1<29>       |result<9>      |  231.895|
num1<29>       |result<10>     |  231.568|
num1<29>       |result<11>     |  231.717|
num1<29>       |result<12>     |  231.754|
num1<29>       |result<13>     |  232.030|
num1<29>       |result<14>     |  231.943|
num1<29>       |result<15>     |  231.805|
num1<29>       |result<16>     |  232.095|
num1<29>       |result<17>     |  231.764|
num1<29>       |result<18>     |  232.209|
num1<29>       |result<19>     |  232.154|
num1<29>       |result<20>     |  233.209|
num1<29>       |result<21>     |  233.813|
num1<29>       |result<22>     |  233.775|
num1<29>       |result<23>     |   27.881|
num1<29>       |result<24>     |   28.106|
num1<29>       |result<25>     |   28.160|
num1<29>       |result<26>     |   28.430|
num1<29>       |result<27>     |   28.119|
num1<29>       |result<28>     |   28.259|
num1<29>       |result<29>     |   29.018|
num1<29>       |result<30>     |   25.923|
num1<30>       |result<0>      |  232.572|
num1<30>       |result<1>      |  232.363|
num1<30>       |result<2>      |  232.414|
num1<30>       |result<3>      |  232.510|
num1<30>       |result<4>      |  232.184|
num1<30>       |result<5>      |  232.146|
num1<30>       |result<6>      |  232.431|
num1<30>       |result<7>      |  231.927|
num1<30>       |result<8>      |  231.956|
num1<30>       |result<9>      |  232.035|
num1<30>       |result<10>     |  231.708|
num1<30>       |result<11>     |  231.857|
num1<30>       |result<12>     |  231.894|
num1<30>       |result<13>     |  232.170|
num1<30>       |result<14>     |  232.083|
num1<30>       |result<15>     |  231.945|
num1<30>       |result<16>     |  232.235|
num1<30>       |result<17>     |  231.904|
num1<30>       |result<18>     |  232.349|
num1<30>       |result<19>     |  232.294|
num1<30>       |result<20>     |  233.349|
num1<30>       |result<21>     |  233.953|
num1<30>       |result<22>     |  233.915|
num1<30>       |result<23>     |   28.021|
num1<30>       |result<24>     |   28.246|
num1<30>       |result<25>     |   28.300|
num1<30>       |result<26>     |   28.570|
num1<30>       |result<27>     |   28.259|
num1<30>       |result<28>     |   28.399|
num1<30>       |result<29>     |   29.158|
num1<30>       |result<30>     |   26.063|
num1<31>       |result<31>     |   14.701|
num2<0>        |result<0>      |  238.200|
num2<0>        |result<1>      |  237.991|
num2<0>        |result<2>      |  238.042|
num2<0>        |result<3>      |  238.138|
num2<0>        |result<4>      |  237.812|
num2<0>        |result<5>      |  237.774|
num2<0>        |result<6>      |  238.059|
num2<0>        |result<7>      |  237.555|
num2<0>        |result<8>      |  237.584|
num2<0>        |result<9>      |  237.663|
num2<0>        |result<10>     |  237.336|
num2<0>        |result<11>     |  237.485|
num2<0>        |result<12>     |  237.522|
num2<0>        |result<13>     |  237.798|
num2<0>        |result<14>     |  237.711|
num2<0>        |result<15>     |  237.573|
num2<0>        |result<16>     |  237.863|
num2<0>        |result<17>     |  237.532|
num2<0>        |result<18>     |  237.977|
num2<0>        |result<19>     |  237.922|
num2<0>        |result<20>     |  238.977|
num2<0>        |result<21>     |  239.581|
num2<0>        |result<22>     |  239.543|
num2<0>        |result<23>     |   40.007|
num2<0>        |result<24>     |   40.232|
num2<0>        |result<25>     |   40.286|
num2<0>        |result<26>     |   40.556|
num2<0>        |result<27>     |   40.245|
num2<0>        |result<28>     |   40.385|
num2<0>        |result<29>     |   41.144|
num2<0>        |result<30>     |   38.049|
num2<1>        |result<0>      |  235.519|
num2<1>        |result<1>      |  235.310|
num2<1>        |result<2>      |  235.361|
num2<1>        |result<3>      |  235.457|
num2<1>        |result<4>      |  235.131|
num2<1>        |result<5>      |  235.093|
num2<1>        |result<6>      |  235.378|
num2<1>        |result<7>      |  234.874|
num2<1>        |result<8>      |  234.903|
num2<1>        |result<9>      |  234.982|
num2<1>        |result<10>     |  234.655|
num2<1>        |result<11>     |  234.804|
num2<1>        |result<12>     |  234.841|
num2<1>        |result<13>     |  235.117|
num2<1>        |result<14>     |  235.030|
num2<1>        |result<15>     |  234.892|
num2<1>        |result<16>     |  235.182|
num2<1>        |result<17>     |  234.851|
num2<1>        |result<18>     |  235.296|
num2<1>        |result<19>     |  235.241|
num2<1>        |result<20>     |  236.296|
num2<1>        |result<21>     |  236.900|
num2<1>        |result<22>     |  236.862|
num2<1>        |result<23>     |   36.344|
num2<1>        |result<24>     |   36.569|
num2<1>        |result<25>     |   36.623|
num2<1>        |result<26>     |   36.893|
num2<1>        |result<27>     |   36.582|
num2<1>        |result<28>     |   36.722|
num2<1>        |result<29>     |   37.481|
num2<1>        |result<30>     |   34.386|
num2<2>        |result<0>      |  237.364|
num2<2>        |result<1>      |  237.155|
num2<2>        |result<2>      |  237.206|
num2<2>        |result<3>      |  237.302|
num2<2>        |result<4>      |  236.976|
num2<2>        |result<5>      |  236.938|
num2<2>        |result<6>      |  237.223|
num2<2>        |result<7>      |  236.719|
num2<2>        |result<8>      |  236.748|
num2<2>        |result<9>      |  236.827|
num2<2>        |result<10>     |  236.500|
num2<2>        |result<11>     |  236.649|
num2<2>        |result<12>     |  236.686|
num2<2>        |result<13>     |  236.962|
num2<2>        |result<14>     |  236.875|
num2<2>        |result<15>     |  236.737|
num2<2>        |result<16>     |  237.027|
num2<2>        |result<17>     |  236.696|
num2<2>        |result<18>     |  237.141|
num2<2>        |result<19>     |  237.086|
num2<2>        |result<20>     |  238.141|
num2<2>        |result<21>     |  238.745|
num2<2>        |result<22>     |  238.707|
num2<2>        |result<23>     |   37.395|
num2<2>        |result<24>     |   37.620|
num2<2>        |result<25>     |   37.674|
num2<2>        |result<26>     |   37.944|
num2<2>        |result<27>     |   37.633|
num2<2>        |result<28>     |   37.773|
num2<2>        |result<29>     |   38.532|
num2<2>        |result<30>     |   35.437|
num2<3>        |result<0>      |  236.744|
num2<3>        |result<1>      |  236.535|
num2<3>        |result<2>      |  236.586|
num2<3>        |result<3>      |  236.682|
num2<3>        |result<4>      |  236.356|
num2<3>        |result<5>      |  236.318|
num2<3>        |result<6>      |  236.603|
num2<3>        |result<7>      |  236.099|
num2<3>        |result<8>      |  236.128|
num2<3>        |result<9>      |  236.207|
num2<3>        |result<10>     |  235.880|
num2<3>        |result<11>     |  236.029|
num2<3>        |result<12>     |  236.066|
num2<3>        |result<13>     |  236.342|
num2<3>        |result<14>     |  236.255|
num2<3>        |result<15>     |  236.117|
num2<3>        |result<16>     |  236.407|
num2<3>        |result<17>     |  236.076|
num2<3>        |result<18>     |  236.521|
num2<3>        |result<19>     |  236.466|
num2<3>        |result<20>     |  237.521|
num2<3>        |result<21>     |  238.125|
num2<3>        |result<22>     |  238.087|
num2<3>        |result<23>     |   35.755|
num2<3>        |result<24>     |   35.980|
num2<3>        |result<25>     |   36.034|
num2<3>        |result<26>     |   36.304|
num2<3>        |result<27>     |   35.993|
num2<3>        |result<28>     |   36.133|
num2<3>        |result<29>     |   36.892|
num2<3>        |result<30>     |   33.797|
num2<4>        |result<0>      |  237.500|
num2<4>        |result<1>      |  237.291|
num2<4>        |result<2>      |  237.342|
num2<4>        |result<3>      |  237.438|
num2<4>        |result<4>      |  237.112|
num2<4>        |result<5>      |  237.074|
num2<4>        |result<6>      |  237.359|
num2<4>        |result<7>      |  236.855|
num2<4>        |result<8>      |  236.884|
num2<4>        |result<9>      |  236.963|
num2<4>        |result<10>     |  236.636|
num2<4>        |result<11>     |  236.785|
num2<4>        |result<12>     |  236.822|
num2<4>        |result<13>     |  237.098|
num2<4>        |result<14>     |  237.011|
num2<4>        |result<15>     |  236.873|
num2<4>        |result<16>     |  237.163|
num2<4>        |result<17>     |  236.832|
num2<4>        |result<18>     |  237.277|
num2<4>        |result<19>     |  237.222|
num2<4>        |result<20>     |  238.277|
num2<4>        |result<21>     |  238.881|
num2<4>        |result<22>     |  238.843|
num2<4>        |result<23>     |   39.904|
num2<4>        |result<24>     |   40.129|
num2<4>        |result<25>     |   40.183|
num2<4>        |result<26>     |   40.453|
num2<4>        |result<27>     |   40.142|
num2<4>        |result<28>     |   40.282|
num2<4>        |result<29>     |   41.041|
num2<4>        |result<30>     |   37.946|
num2<5>        |result<0>      |  236.433|
num2<5>        |result<1>      |  236.224|
num2<5>        |result<2>      |  236.275|
num2<5>        |result<3>      |  236.371|
num2<5>        |result<4>      |  236.045|
num2<5>        |result<5>      |  236.007|
num2<5>        |result<6>      |  236.292|
num2<5>        |result<7>      |  235.788|
num2<5>        |result<8>      |  235.817|
num2<5>        |result<9>      |  235.896|
num2<5>        |result<10>     |  235.569|
num2<5>        |result<11>     |  235.718|
num2<5>        |result<12>     |  235.755|
num2<5>        |result<13>     |  236.031|
num2<5>        |result<14>     |  235.944|
num2<5>        |result<15>     |  235.806|
num2<5>        |result<16>     |  236.096|
num2<5>        |result<17>     |  235.765|
num2<5>        |result<18>     |  236.210|
num2<5>        |result<19>     |  236.155|
num2<5>        |result<20>     |  237.210|
num2<5>        |result<21>     |  237.814|
num2<5>        |result<22>     |  237.776|
num2<5>        |result<23>     |   37.759|
num2<5>        |result<24>     |   37.984|
num2<5>        |result<25>     |   38.038|
num2<5>        |result<26>     |   38.308|
num2<5>        |result<27>     |   37.997|
num2<5>        |result<28>     |   38.137|
num2<5>        |result<29>     |   38.896|
num2<5>        |result<30>     |   35.801|
num2<6>        |result<0>      |  236.148|
num2<6>        |result<1>      |  235.939|
num2<6>        |result<2>      |  235.990|
num2<6>        |result<3>      |  236.086|
num2<6>        |result<4>      |  235.760|
num2<6>        |result<5>      |  235.722|
num2<6>        |result<6>      |  236.007|
num2<6>        |result<7>      |  235.503|
num2<6>        |result<8>      |  235.532|
num2<6>        |result<9>      |  235.611|
num2<6>        |result<10>     |  235.284|
num2<6>        |result<11>     |  235.433|
num2<6>        |result<12>     |  235.470|
num2<6>        |result<13>     |  235.746|
num2<6>        |result<14>     |  235.659|
num2<6>        |result<15>     |  235.521|
num2<6>        |result<16>     |  235.811|
num2<6>        |result<17>     |  235.480|
num2<6>        |result<18>     |  235.925|
num2<6>        |result<19>     |  235.870|
num2<6>        |result<20>     |  236.925|
num2<6>        |result<21>     |  237.529|
num2<6>        |result<22>     |  237.491|
num2<6>        |result<23>     |   41.469|
num2<6>        |result<24>     |   41.694|
num2<6>        |result<25>     |   41.748|
num2<6>        |result<26>     |   42.018|
num2<6>        |result<27>     |   41.707|
num2<6>        |result<28>     |   41.847|
num2<6>        |result<29>     |   42.606|
num2<6>        |result<30>     |   39.511|
num2<7>        |result<0>      |  237.815|
num2<7>        |result<1>      |  237.606|
num2<7>        |result<2>      |  237.657|
num2<7>        |result<3>      |  237.753|
num2<7>        |result<4>      |  237.427|
num2<7>        |result<5>      |  237.389|
num2<7>        |result<6>      |  237.674|
num2<7>        |result<7>      |  237.170|
num2<7>        |result<8>      |  237.199|
num2<7>        |result<9>      |  237.278|
num2<7>        |result<10>     |  236.951|
num2<7>        |result<11>     |  237.100|
num2<7>        |result<12>     |  237.137|
num2<7>        |result<13>     |  237.413|
num2<7>        |result<14>     |  237.326|
num2<7>        |result<15>     |  237.188|
num2<7>        |result<16>     |  237.478|
num2<7>        |result<17>     |  237.147|
num2<7>        |result<18>     |  237.592|
num2<7>        |result<19>     |  237.537|
num2<7>        |result<20>     |  238.592|
num2<7>        |result<21>     |  239.196|
num2<7>        |result<22>     |  239.158|
num2<7>        |result<23>     |   38.160|
num2<7>        |result<24>     |   38.385|
num2<7>        |result<25>     |   38.439|
num2<7>        |result<26>     |   38.709|
num2<7>        |result<27>     |   38.398|
num2<7>        |result<28>     |   38.538|
num2<7>        |result<29>     |   39.297|
num2<7>        |result<30>     |   36.202|
num2<8>        |result<0>      |  236.599|
num2<8>        |result<1>      |  236.390|
num2<8>        |result<2>      |  236.441|
num2<8>        |result<3>      |  236.537|
num2<8>        |result<4>      |  236.211|
num2<8>        |result<5>      |  236.173|
num2<8>        |result<6>      |  236.458|
num2<8>        |result<7>      |  235.954|
num2<8>        |result<8>      |  235.983|
num2<8>        |result<9>      |  236.062|
num2<8>        |result<10>     |  235.735|
num2<8>        |result<11>     |  235.884|
num2<8>        |result<12>     |  235.921|
num2<8>        |result<13>     |  236.197|
num2<8>        |result<14>     |  236.110|
num2<8>        |result<15>     |  235.972|
num2<8>        |result<16>     |  236.262|
num2<8>        |result<17>     |  235.931|
num2<8>        |result<18>     |  236.376|
num2<8>        |result<19>     |  236.321|
num2<8>        |result<20>     |  237.376|
num2<8>        |result<21>     |  237.980|
num2<8>        |result<22>     |  237.942|
num2<8>        |result<23>     |   38.284|
num2<8>        |result<24>     |   38.509|
num2<8>        |result<25>     |   38.563|
num2<8>        |result<26>     |   38.833|
num2<8>        |result<27>     |   38.522|
num2<8>        |result<28>     |   38.662|
num2<8>        |result<29>     |   39.421|
num2<8>        |result<30>     |   36.326|
num2<9>        |result<0>      |  235.866|
num2<9>        |result<1>      |  235.657|
num2<9>        |result<2>      |  235.708|
num2<9>        |result<3>      |  235.804|
num2<9>        |result<4>      |  235.478|
num2<9>        |result<5>      |  235.440|
num2<9>        |result<6>      |  235.725|
num2<9>        |result<7>      |  235.221|
num2<9>        |result<8>      |  235.250|
num2<9>        |result<9>      |  235.329|
num2<9>        |result<10>     |  235.002|
num2<9>        |result<11>     |  235.151|
num2<9>        |result<12>     |  235.188|
num2<9>        |result<13>     |  235.464|
num2<9>        |result<14>     |  235.377|
num2<9>        |result<15>     |  235.239|
num2<9>        |result<16>     |  235.529|
num2<9>        |result<17>     |  235.198|
num2<9>        |result<18>     |  235.643|
num2<9>        |result<19>     |  235.588|
num2<9>        |result<20>     |  236.643|
num2<9>        |result<21>     |  237.247|
num2<9>        |result<22>     |  237.209|
num2<9>        |result<23>     |   35.163|
num2<9>        |result<24>     |   35.388|
num2<9>        |result<25>     |   35.442|
num2<9>        |result<26>     |   35.712|
num2<9>        |result<27>     |   35.401|
num2<9>        |result<28>     |   35.541|
num2<9>        |result<29>     |   36.300|
num2<9>        |result<30>     |   33.205|
num2<10>       |result<0>      |  237.511|
num2<10>       |result<1>      |  237.302|
num2<10>       |result<2>      |  237.353|
num2<10>       |result<3>      |  237.449|
num2<10>       |result<4>      |  237.123|
num2<10>       |result<5>      |  237.085|
num2<10>       |result<6>      |  237.370|
num2<10>       |result<7>      |  236.866|
num2<10>       |result<8>      |  236.895|
num2<10>       |result<9>      |  236.974|
num2<10>       |result<10>     |  236.647|
num2<10>       |result<11>     |  236.796|
num2<10>       |result<12>     |  236.833|
num2<10>       |result<13>     |  237.109|
num2<10>       |result<14>     |  237.022|
num2<10>       |result<15>     |  236.884|
num2<10>       |result<16>     |  237.174|
num2<10>       |result<17>     |  236.843|
num2<10>       |result<18>     |  237.288|
num2<10>       |result<19>     |  237.233|
num2<10>       |result<20>     |  238.288|
num2<10>       |result<21>     |  238.892|
num2<10>       |result<22>     |  238.854|
num2<10>       |result<23>     |   38.810|
num2<10>       |result<24>     |   39.035|
num2<10>       |result<25>     |   39.089|
num2<10>       |result<26>     |   39.359|
num2<10>       |result<27>     |   39.048|
num2<10>       |result<28>     |   39.188|
num2<10>       |result<29>     |   39.947|
num2<10>       |result<30>     |   36.852|
num2<11>       |result<0>      |  236.430|
num2<11>       |result<1>      |  236.221|
num2<11>       |result<2>      |  236.272|
num2<11>       |result<3>      |  236.368|
num2<11>       |result<4>      |  236.042|
num2<11>       |result<5>      |  236.004|
num2<11>       |result<6>      |  236.289|
num2<11>       |result<7>      |  235.785|
num2<11>       |result<8>      |  235.814|
num2<11>       |result<9>      |  235.893|
num2<11>       |result<10>     |  235.566|
num2<11>       |result<11>     |  235.715|
num2<11>       |result<12>     |  235.752|
num2<11>       |result<13>     |  236.028|
num2<11>       |result<14>     |  235.941|
num2<11>       |result<15>     |  235.803|
num2<11>       |result<16>     |  236.093|
num2<11>       |result<17>     |  235.762|
num2<11>       |result<18>     |  236.207|
num2<11>       |result<19>     |  236.152|
num2<11>       |result<20>     |  237.207|
num2<11>       |result<21>     |  237.811|
num2<11>       |result<22>     |  237.773|
num2<11>       |result<23>     |   40.039|
num2<11>       |result<24>     |   40.264|
num2<11>       |result<25>     |   40.318|
num2<11>       |result<26>     |   40.588|
num2<11>       |result<27>     |   40.277|
num2<11>       |result<28>     |   40.417|
num2<11>       |result<29>     |   41.176|
num2<11>       |result<30>     |   38.081|
num2<12>       |result<0>      |  236.264|
num2<12>       |result<1>      |  236.055|
num2<12>       |result<2>      |  236.106|
num2<12>       |result<3>      |  236.202|
num2<12>       |result<4>      |  235.876|
num2<12>       |result<5>      |  235.838|
num2<12>       |result<6>      |  236.123|
num2<12>       |result<7>      |  235.619|
num2<12>       |result<8>      |  235.648|
num2<12>       |result<9>      |  235.727|
num2<12>       |result<10>     |  235.400|
num2<12>       |result<11>     |  235.549|
num2<12>       |result<12>     |  235.586|
num2<12>       |result<13>     |  235.862|
num2<12>       |result<14>     |  235.775|
num2<12>       |result<15>     |  235.637|
num2<12>       |result<16>     |  235.927|
num2<12>       |result<17>     |  235.596|
num2<12>       |result<18>     |  236.041|
num2<12>       |result<19>     |  235.986|
num2<12>       |result<20>     |  237.041|
num2<12>       |result<21>     |  237.645|
num2<12>       |result<22>     |  237.607|
num2<12>       |result<23>     |   38.656|
num2<12>       |result<24>     |   38.881|
num2<12>       |result<25>     |   38.935|
num2<12>       |result<26>     |   39.205|
num2<12>       |result<27>     |   38.894|
num2<12>       |result<28>     |   39.034|
num2<12>       |result<29>     |   39.793|
num2<12>       |result<30>     |   36.698|
num2<13>       |result<0>      |  236.100|
num2<13>       |result<1>      |  235.891|
num2<13>       |result<2>      |  235.942|
num2<13>       |result<3>      |  236.038|
num2<13>       |result<4>      |  235.712|
num2<13>       |result<5>      |  235.674|
num2<13>       |result<6>      |  235.959|
num2<13>       |result<7>      |  235.455|
num2<13>       |result<8>      |  235.484|
num2<13>       |result<9>      |  235.563|
num2<13>       |result<10>     |  235.236|
num2<13>       |result<11>     |  235.385|
num2<13>       |result<12>     |  235.422|
num2<13>       |result<13>     |  235.698|
num2<13>       |result<14>     |  235.611|
num2<13>       |result<15>     |  235.473|
num2<13>       |result<16>     |  235.763|
num2<13>       |result<17>     |  235.432|
num2<13>       |result<18>     |  235.877|
num2<13>       |result<19>     |  235.822|
num2<13>       |result<20>     |  236.877|
num2<13>       |result<21>     |  237.481|
num2<13>       |result<22>     |  237.443|
num2<13>       |result<23>     |   39.192|
num2<13>       |result<24>     |   39.417|
num2<13>       |result<25>     |   39.471|
num2<13>       |result<26>     |   39.741|
num2<13>       |result<27>     |   39.430|
num2<13>       |result<28>     |   39.570|
num2<13>       |result<29>     |   40.329|
num2<13>       |result<30>     |   37.234|
num2<14>       |result<0>      |  236.130|
num2<14>       |result<1>      |  235.921|
num2<14>       |result<2>      |  235.972|
num2<14>       |result<3>      |  236.068|
num2<14>       |result<4>      |  235.742|
num2<14>       |result<5>      |  235.704|
num2<14>       |result<6>      |  235.989|
num2<14>       |result<7>      |  235.485|
num2<14>       |result<8>      |  235.514|
num2<14>       |result<9>      |  235.593|
num2<14>       |result<10>     |  235.266|
num2<14>       |result<11>     |  235.415|
num2<14>       |result<12>     |  235.452|
num2<14>       |result<13>     |  235.728|
num2<14>       |result<14>     |  235.641|
num2<14>       |result<15>     |  235.503|
num2<14>       |result<16>     |  235.793|
num2<14>       |result<17>     |  235.462|
num2<14>       |result<18>     |  235.907|
num2<14>       |result<19>     |  235.852|
num2<14>       |result<20>     |  236.907|
num2<14>       |result<21>     |  237.511|
num2<14>       |result<22>     |  237.473|
num2<14>       |result<23>     |   39.421|
num2<14>       |result<24>     |   39.646|
num2<14>       |result<25>     |   39.700|
num2<14>       |result<26>     |   39.970|
num2<14>       |result<27>     |   39.659|
num2<14>       |result<28>     |   39.799|
num2<14>       |result<29>     |   40.558|
num2<14>       |result<30>     |   37.463|
num2<15>       |result<0>      |  236.167|
num2<15>       |result<1>      |  235.958|
num2<15>       |result<2>      |  236.009|
num2<15>       |result<3>      |  236.105|
num2<15>       |result<4>      |  235.779|
num2<15>       |result<5>      |  235.741|
num2<15>       |result<6>      |  236.026|
num2<15>       |result<7>      |  235.522|
num2<15>       |result<8>      |  235.551|
num2<15>       |result<9>      |  235.630|
num2<15>       |result<10>     |  235.303|
num2<15>       |result<11>     |  235.452|
num2<15>       |result<12>     |  235.489|
num2<15>       |result<13>     |  235.765|
num2<15>       |result<14>     |  235.678|
num2<15>       |result<15>     |  235.540|
num2<15>       |result<16>     |  235.830|
num2<15>       |result<17>     |  235.499|
num2<15>       |result<18>     |  235.944|
num2<15>       |result<19>     |  235.889|
num2<15>       |result<20>     |  236.944|
num2<15>       |result<21>     |  237.548|
num2<15>       |result<22>     |  237.510|
num2<15>       |result<23>     |   39.013|
num2<15>       |result<24>     |   39.238|
num2<15>       |result<25>     |   39.292|
num2<15>       |result<26>     |   39.562|
num2<15>       |result<27>     |   39.251|
num2<15>       |result<28>     |   39.391|
num2<15>       |result<29>     |   40.150|
num2<15>       |result<30>     |   37.055|
num2<16>       |result<0>      |  234.562|
num2<16>       |result<1>      |  234.353|
num2<16>       |result<2>      |  234.404|
num2<16>       |result<3>      |  234.500|
num2<16>       |result<4>      |  234.174|
num2<16>       |result<5>      |  234.136|
num2<16>       |result<6>      |  234.421|
num2<16>       |result<7>      |  233.917|
num2<16>       |result<8>      |  233.946|
num2<16>       |result<9>      |  234.025|
num2<16>       |result<10>     |  233.698|
num2<16>       |result<11>     |  233.847|
num2<16>       |result<12>     |  233.884|
num2<16>       |result<13>     |  234.160|
num2<16>       |result<14>     |  234.073|
num2<16>       |result<15>     |  233.935|
num2<16>       |result<16>     |  234.225|
num2<16>       |result<17>     |  233.894|
num2<16>       |result<18>     |  234.339|
num2<16>       |result<19>     |  234.284|
num2<16>       |result<20>     |  235.339|
num2<16>       |result<21>     |  235.943|
num2<16>       |result<22>     |  235.905|
num2<16>       |result<23>     |   36.641|
num2<16>       |result<24>     |   36.866|
num2<16>       |result<25>     |   36.920|
num2<16>       |result<26>     |   37.190|
num2<16>       |result<27>     |   36.879|
num2<16>       |result<28>     |   37.019|
num2<16>       |result<29>     |   37.778|
num2<16>       |result<30>     |   34.683|
num2<17>       |result<0>      |  234.633|
num2<17>       |result<1>      |  234.424|
num2<17>       |result<2>      |  234.475|
num2<17>       |result<3>      |  234.571|
num2<17>       |result<4>      |  234.245|
num2<17>       |result<5>      |  234.207|
num2<17>       |result<6>      |  234.492|
num2<17>       |result<7>      |  233.988|
num2<17>       |result<8>      |  234.017|
num2<17>       |result<9>      |  234.096|
num2<17>       |result<10>     |  233.769|
num2<17>       |result<11>     |  233.918|
num2<17>       |result<12>     |  233.955|
num2<17>       |result<13>     |  234.231|
num2<17>       |result<14>     |  234.144|
num2<17>       |result<15>     |  234.006|
num2<17>       |result<16>     |  234.296|
num2<17>       |result<17>     |  233.965|
num2<17>       |result<18>     |  234.410|
num2<17>       |result<19>     |  234.355|
num2<17>       |result<20>     |  235.410|
num2<17>       |result<21>     |  236.014|
num2<17>       |result<22>     |  235.976|
num2<17>       |result<23>     |   31.473|
num2<17>       |result<24>     |   31.698|
num2<17>       |result<25>     |   31.752|
num2<17>       |result<26>     |   32.022|
num2<17>       |result<27>     |   31.711|
num2<17>       |result<28>     |   31.851|
num2<17>       |result<29>     |   32.610|
num2<17>       |result<30>     |   29.515|
num2<18>       |result<0>      |  233.583|
num2<18>       |result<1>      |  233.374|
num2<18>       |result<2>      |  233.425|
num2<18>       |result<3>      |  233.521|
num2<18>       |result<4>      |  233.195|
num2<18>       |result<5>      |  233.157|
num2<18>       |result<6>      |  233.442|
num2<18>       |result<7>      |  232.938|
num2<18>       |result<8>      |  232.967|
num2<18>       |result<9>      |  233.046|
num2<18>       |result<10>     |  232.719|
num2<18>       |result<11>     |  232.868|
num2<18>       |result<12>     |  232.905|
num2<18>       |result<13>     |  233.181|
num2<18>       |result<14>     |  233.094|
num2<18>       |result<15>     |  232.956|
num2<18>       |result<16>     |  233.246|
num2<18>       |result<17>     |  232.915|
num2<18>       |result<18>     |  233.360|
num2<18>       |result<19>     |  233.305|
num2<18>       |result<20>     |  234.360|
num2<18>       |result<21>     |  234.964|
num2<18>       |result<22>     |  234.926|
num2<18>       |result<23>     |   28.594|
num2<18>       |result<24>     |   28.819|
num2<18>       |result<25>     |   28.873|
num2<18>       |result<26>     |   29.143|
num2<18>       |result<27>     |   28.832|
num2<18>       |result<28>     |   28.972|
num2<18>       |result<29>     |   29.731|
num2<18>       |result<30>     |   26.636|
num2<19>       |result<0>      |  233.421|
num2<19>       |result<1>      |  233.212|
num2<19>       |result<2>      |  233.263|
num2<19>       |result<3>      |  233.359|
num2<19>       |result<4>      |  233.033|
num2<19>       |result<5>      |  232.995|
num2<19>       |result<6>      |  233.280|
num2<19>       |result<7>      |  232.776|
num2<19>       |result<8>      |  232.805|
num2<19>       |result<9>      |  232.884|
num2<19>       |result<10>     |  232.557|
num2<19>       |result<11>     |  232.706|
num2<19>       |result<12>     |  232.743|
num2<19>       |result<13>     |  233.019|
num2<19>       |result<14>     |  232.932|
num2<19>       |result<15>     |  232.794|
num2<19>       |result<16>     |  233.084|
num2<19>       |result<17>     |  232.753|
num2<19>       |result<18>     |  233.198|
num2<19>       |result<19>     |  233.143|
num2<19>       |result<20>     |  234.198|
num2<19>       |result<21>     |  234.802|
num2<19>       |result<22>     |  234.764|
num2<19>       |result<23>     |   28.875|
num2<19>       |result<24>     |   29.100|
num2<19>       |result<25>     |   29.154|
num2<19>       |result<26>     |   29.424|
num2<19>       |result<27>     |   29.113|
num2<19>       |result<28>     |   29.253|
num2<19>       |result<29>     |   30.012|
num2<19>       |result<30>     |   26.917|
num2<20>       |result<0>      |  233.430|
num2<20>       |result<1>      |  233.221|
num2<20>       |result<2>      |  233.272|
num2<20>       |result<3>      |  233.368|
num2<20>       |result<4>      |  233.042|
num2<20>       |result<5>      |  233.004|
num2<20>       |result<6>      |  233.289|
num2<20>       |result<7>      |  232.785|
num2<20>       |result<8>      |  232.814|
num2<20>       |result<9>      |  232.893|
num2<20>       |result<10>     |  232.566|
num2<20>       |result<11>     |  232.715|
num2<20>       |result<12>     |  232.752|
num2<20>       |result<13>     |  233.028|
num2<20>       |result<14>     |  232.941|
num2<20>       |result<15>     |  232.803|
num2<20>       |result<16>     |  233.093|
num2<20>       |result<17>     |  232.762|
num2<20>       |result<18>     |  233.207|
num2<20>       |result<19>     |  233.152|
num2<20>       |result<20>     |  234.207|
num2<20>       |result<21>     |  234.811|
num2<20>       |result<22>     |  234.773|
num2<20>       |result<23>     |   28.743|
num2<20>       |result<24>     |   28.968|
num2<20>       |result<25>     |   29.022|
num2<20>       |result<26>     |   29.292|
num2<20>       |result<27>     |   28.981|
num2<20>       |result<28>     |   29.121|
num2<20>       |result<29>     |   29.880|
num2<20>       |result<30>     |   26.785|
num2<21>       |result<0>      |  232.229|
num2<21>       |result<1>      |  232.020|
num2<21>       |result<2>      |  232.071|
num2<21>       |result<3>      |  232.167|
num2<21>       |result<4>      |  231.841|
num2<21>       |result<5>      |  231.803|
num2<21>       |result<6>      |  232.088|
num2<21>       |result<7>      |  231.584|
num2<21>       |result<8>      |  231.613|
num2<21>       |result<9>      |  231.692|
num2<21>       |result<10>     |  231.365|
num2<21>       |result<11>     |  231.514|
num2<21>       |result<12>     |  231.551|
num2<21>       |result<13>     |  231.827|
num2<21>       |result<14>     |  231.740|
num2<21>       |result<15>     |  231.602|
num2<21>       |result<16>     |  231.892|
num2<21>       |result<17>     |  231.561|
num2<21>       |result<18>     |  232.006|
num2<21>       |result<19>     |  231.951|
num2<21>       |result<20>     |  233.006|
num2<21>       |result<21>     |  233.610|
num2<21>       |result<22>     |  233.572|
num2<21>       |result<23>     |   29.374|
num2<21>       |result<24>     |   29.599|
num2<21>       |result<25>     |   29.653|
num2<21>       |result<26>     |   29.923|
num2<21>       |result<27>     |   29.612|
num2<21>       |result<28>     |   29.752|
num2<21>       |result<29>     |   30.511|
num2<21>       |result<30>     |   27.416|
num2<22>       |result<0>      |  233.560|
num2<22>       |result<1>      |  233.351|
num2<22>       |result<2>      |  233.402|
num2<22>       |result<3>      |  233.498|
num2<22>       |result<4>      |  233.172|
num2<22>       |result<5>      |  233.134|
num2<22>       |result<6>      |  233.419|
num2<22>       |result<7>      |  232.915|
num2<22>       |result<8>      |  232.944|
num2<22>       |result<9>      |  233.023|
num2<22>       |result<10>     |  232.696|
num2<22>       |result<11>     |  232.845|
num2<22>       |result<12>     |  232.882|
num2<22>       |result<13>     |  233.158|
num2<22>       |result<14>     |  233.071|
num2<22>       |result<15>     |  232.933|
num2<22>       |result<16>     |  233.223|
num2<22>       |result<17>     |  232.892|
num2<22>       |result<18>     |  233.337|
num2<22>       |result<19>     |  233.282|
num2<22>       |result<20>     |  234.337|
num2<22>       |result<21>     |  234.941|
num2<22>       |result<22>     |  234.903|
num2<22>       |result<23>     |   31.243|
num2<22>       |result<24>     |   31.468|
num2<22>       |result<25>     |   31.522|
num2<22>       |result<26>     |   31.792|
num2<22>       |result<27>     |   31.481|
num2<22>       |result<28>     |   31.621|
num2<22>       |result<29>     |   32.380|
num2<22>       |result<30>     |   29.285|
num2<23>       |result<0>      |  236.673|
num2<23>       |result<1>      |  236.464|
num2<23>       |result<2>      |  236.515|
num2<23>       |result<3>      |  236.611|
num2<23>       |result<4>      |  236.285|
num2<23>       |result<5>      |  236.247|
num2<23>       |result<6>      |  236.532|
num2<23>       |result<7>      |  236.028|
num2<23>       |result<8>      |  236.057|
num2<23>       |result<9>      |  236.136|
num2<23>       |result<10>     |  235.809|
num2<23>       |result<11>     |  235.958|
num2<23>       |result<12>     |  235.995|
num2<23>       |result<13>     |  236.271|
num2<23>       |result<14>     |  236.184|
num2<23>       |result<15>     |  236.046|
num2<23>       |result<16>     |  236.336|
num2<23>       |result<17>     |  236.005|
num2<23>       |result<18>     |  236.450|
num2<23>       |result<19>     |  236.395|
num2<23>       |result<20>     |  237.450|
num2<23>       |result<21>     |  238.054|
num2<23>       |result<22>     |  238.016|
num2<23>       |result<23>     |   29.387|
num2<23>       |result<24>     |   29.612|
num2<23>       |result<25>     |   29.666|
num2<23>       |result<26>     |   29.936|
num2<23>       |result<27>     |   29.625|
num2<23>       |result<28>     |   29.765|
num2<23>       |result<29>     |   30.524|
num2<23>       |result<30>     |   27.429|
num2<24>       |result<0>      |  236.839|
num2<24>       |result<1>      |  236.630|
num2<24>       |result<2>      |  236.681|
num2<24>       |result<3>      |  236.777|
num2<24>       |result<4>      |  236.451|
num2<24>       |result<5>      |  236.413|
num2<24>       |result<6>      |  236.698|
num2<24>       |result<7>      |  236.194|
num2<24>       |result<8>      |  236.223|
num2<24>       |result<9>      |  236.302|
num2<24>       |result<10>     |  235.975|
num2<24>       |result<11>     |  236.124|
num2<24>       |result<12>     |  236.161|
num2<24>       |result<13>     |  236.437|
num2<24>       |result<14>     |  236.350|
num2<24>       |result<15>     |  236.212|
num2<24>       |result<16>     |  236.502|
num2<24>       |result<17>     |  236.171|
num2<24>       |result<18>     |  236.616|
num2<24>       |result<19>     |  236.561|
num2<24>       |result<20>     |  237.616|
num2<24>       |result<21>     |  238.220|
num2<24>       |result<22>     |  238.182|
num2<24>       |result<23>     |   29.553|
num2<24>       |result<24>     |   29.778|
num2<24>       |result<25>     |   29.832|
num2<24>       |result<26>     |   30.102|
num2<24>       |result<27>     |   29.791|
num2<24>       |result<28>     |   29.931|
num2<24>       |result<29>     |   30.690|
num2<24>       |result<30>     |   27.595|
num2<25>       |result<0>      |  237.023|
num2<25>       |result<1>      |  236.814|
num2<25>       |result<2>      |  236.865|
num2<25>       |result<3>      |  236.961|
num2<25>       |result<4>      |  236.635|
num2<25>       |result<5>      |  236.597|
num2<25>       |result<6>      |  236.882|
num2<25>       |result<7>      |  236.378|
num2<25>       |result<8>      |  236.407|
num2<25>       |result<9>      |  236.486|
num2<25>       |result<10>     |  236.159|
num2<25>       |result<11>     |  236.308|
num2<25>       |result<12>     |  236.345|
num2<25>       |result<13>     |  236.621|
num2<25>       |result<14>     |  236.534|
num2<25>       |result<15>     |  236.396|
num2<25>       |result<16>     |  236.686|
num2<25>       |result<17>     |  236.355|
num2<25>       |result<18>     |  236.800|
num2<25>       |result<19>     |  236.745|
num2<25>       |result<20>     |  237.800|
num2<25>       |result<21>     |  238.404|
num2<25>       |result<22>     |  238.366|
num2<25>       |result<23>     |   29.737|
num2<25>       |result<24>     |   29.962|
num2<25>       |result<25>     |   30.016|
num2<25>       |result<26>     |   30.286|
num2<25>       |result<27>     |   29.975|
num2<25>       |result<28>     |   30.115|
num2<25>       |result<29>     |   30.874|
num2<25>       |result<30>     |   27.779|
num2<26>       |result<0>      |  236.270|
num2<26>       |result<1>      |  236.061|
num2<26>       |result<2>      |  236.112|
num2<26>       |result<3>      |  236.208|
num2<26>       |result<4>      |  235.882|
num2<26>       |result<5>      |  235.844|
num2<26>       |result<6>      |  236.129|
num2<26>       |result<7>      |  235.625|
num2<26>       |result<8>      |  235.654|
num2<26>       |result<9>      |  235.733|
num2<26>       |result<10>     |  235.406|
num2<26>       |result<11>     |  235.555|
num2<26>       |result<12>     |  235.592|
num2<26>       |result<13>     |  235.868|
num2<26>       |result<14>     |  235.781|
num2<26>       |result<15>     |  235.643|
num2<26>       |result<16>     |  235.933|
num2<26>       |result<17>     |  235.602|
num2<26>       |result<18>     |  236.047|
num2<26>       |result<19>     |  235.992|
num2<26>       |result<20>     |  237.047|
num2<26>       |result<21>     |  237.651|
num2<26>       |result<22>     |  237.613|
num2<26>       |result<23>     |   30.155|
num2<26>       |result<24>     |   30.380|
num2<26>       |result<25>     |   30.434|
num2<26>       |result<26>     |   30.704|
num2<26>       |result<27>     |   30.393|
num2<26>       |result<28>     |   30.533|
num2<26>       |result<29>     |   31.292|
num2<26>       |result<30>     |   28.197|
num2<27>       |result<0>      |  236.564|
num2<27>       |result<1>      |  236.355|
num2<27>       |result<2>      |  236.406|
num2<27>       |result<3>      |  236.502|
num2<27>       |result<4>      |  236.176|
num2<27>       |result<5>      |  236.138|
num2<27>       |result<6>      |  236.423|
num2<27>       |result<7>      |  235.919|
num2<27>       |result<8>      |  235.948|
num2<27>       |result<9>      |  236.027|
num2<27>       |result<10>     |  235.700|
num2<27>       |result<11>     |  235.849|
num2<27>       |result<12>     |  235.886|
num2<27>       |result<13>     |  236.162|
num2<27>       |result<14>     |  236.075|
num2<27>       |result<15>     |  235.937|
num2<27>       |result<16>     |  236.227|
num2<27>       |result<17>     |  235.896|
num2<27>       |result<18>     |  236.341|
num2<27>       |result<19>     |  236.286|
num2<27>       |result<20>     |  237.341|
num2<27>       |result<21>     |  237.945|
num2<27>       |result<22>     |  237.907|
num2<27>       |result<23>     |   29.173|
num2<27>       |result<24>     |   29.398|
num2<27>       |result<25>     |   29.452|
num2<27>       |result<26>     |   29.722|
num2<27>       |result<27>     |   29.411|
num2<27>       |result<28>     |   29.551|
num2<27>       |result<29>     |   30.310|
num2<27>       |result<30>     |   27.215|
num2<28>       |result<0>      |  236.052|
num2<28>       |result<1>      |  235.843|
num2<28>       |result<2>      |  235.894|
num2<28>       |result<3>      |  235.990|
num2<28>       |result<4>      |  235.664|
num2<28>       |result<5>      |  235.626|
num2<28>       |result<6>      |  235.911|
num2<28>       |result<7>      |  235.407|
num2<28>       |result<8>      |  235.436|
num2<28>       |result<9>      |  235.515|
num2<28>       |result<10>     |  235.188|
num2<28>       |result<11>     |  235.337|
num2<28>       |result<12>     |  235.374|
num2<28>       |result<13>     |  235.650|
num2<28>       |result<14>     |  235.563|
num2<28>       |result<15>     |  235.425|
num2<28>       |result<16>     |  235.715|
num2<28>       |result<17>     |  235.384|
num2<28>       |result<18>     |  235.829|
num2<28>       |result<19>     |  235.774|
num2<28>       |result<20>     |  236.829|
num2<28>       |result<21>     |  237.433|
num2<28>       |result<22>     |  237.395|
num2<28>       |result<23>     |   29.161|
num2<28>       |result<24>     |   29.386|
num2<28>       |result<25>     |   29.440|
num2<28>       |result<26>     |   29.710|
num2<28>       |result<27>     |   29.399|
num2<28>       |result<28>     |   29.539|
num2<28>       |result<29>     |   30.298|
num2<28>       |result<30>     |   27.203|
num2<29>       |result<0>      |  236.203|
num2<29>       |result<1>      |  235.994|
num2<29>       |result<2>      |  236.045|
num2<29>       |result<3>      |  236.141|
num2<29>       |result<4>      |  235.815|
num2<29>       |result<5>      |  235.777|
num2<29>       |result<6>      |  236.062|
num2<29>       |result<7>      |  235.558|
num2<29>       |result<8>      |  235.587|
num2<29>       |result<9>      |  235.666|
num2<29>       |result<10>     |  235.339|
num2<29>       |result<11>     |  235.488|
num2<29>       |result<12>     |  235.525|
num2<29>       |result<13>     |  235.801|
num2<29>       |result<14>     |  235.714|
num2<29>       |result<15>     |  235.576|
num2<29>       |result<16>     |  235.866|
num2<29>       |result<17>     |  235.535|
num2<29>       |result<18>     |  235.980|
num2<29>       |result<19>     |  235.925|
num2<29>       |result<20>     |  236.980|
num2<29>       |result<21>     |  237.584|
num2<29>       |result<22>     |  237.546|
num2<29>       |result<23>     |   29.230|
num2<29>       |result<24>     |   29.455|
num2<29>       |result<25>     |   29.509|
num2<29>       |result<26>     |   29.779|
num2<29>       |result<27>     |   29.468|
num2<29>       |result<28>     |   29.608|
num2<29>       |result<29>     |   30.367|
num2<29>       |result<30>     |   27.272|
num2<30>       |result<0>      |  236.226|
num2<30>       |result<1>      |  236.017|
num2<30>       |result<2>      |  236.068|
num2<30>       |result<3>      |  236.164|
num2<30>       |result<4>      |  235.838|
num2<30>       |result<5>      |  235.800|
num2<30>       |result<6>      |  236.085|
num2<30>       |result<7>      |  235.581|
num2<30>       |result<8>      |  235.610|
num2<30>       |result<9>      |  235.689|
num2<30>       |result<10>     |  235.362|
num2<30>       |result<11>     |  235.511|
num2<30>       |result<12>     |  235.548|
num2<30>       |result<13>     |  235.824|
num2<30>       |result<14>     |  235.737|
num2<30>       |result<15>     |  235.599|
num2<30>       |result<16>     |  235.889|
num2<30>       |result<17>     |  235.558|
num2<30>       |result<18>     |  236.003|
num2<30>       |result<19>     |  235.948|
num2<30>       |result<20>     |  237.003|
num2<30>       |result<21>     |  237.607|
num2<30>       |result<22>     |  237.569|
num2<30>       |result<23>     |   30.011|
num2<30>       |result<24>     |   30.236|
num2<30>       |result<25>     |   30.290|
num2<30>       |result<26>     |   30.560|
num2<30>       |result<27>     |   30.249|
num2<30>       |result<28>     |   30.389|
num2<30>       |result<29>     |   31.148|
num2<30>       |result<30>     |   28.053|
num2<31>       |result<31>     |   15.256|
---------------+---------------+---------+


Analysis completed Thu Dec 01 14:44:35 2022 
--------------------------------------------------------------------------------

Trace Settings:
-------------------------
Trace Settings 

Peak Memory Usage: 4836 MB



