--------------------------------------------------------------------------------
Release 14.7 Trace  (nt64)
Copyright (c) 1995-2013 Xilinx, Inc.  All rights reserved.

E:\Xilinx\14.7\ISE_DS\ISE\bin\nt64\unwrapped\trce.exe -intstyle ise -v 3 -s 3
-n 3 -fastpaths -xml round.twx round.ncd -o round.twr round.pcf

Design file:              round.ncd
Physical constraint file: round.pcf
Device,package,speed:     xc6slx75,fgg484,C,-3 (PRODUCTION 1.23 2013-10-13)
Report level:             verbose report

Environment Variable      Effect 
--------------------      ------ 
NONE                      No environment variables were set
--------------------------------------------------------------------------------

INFO:Timing:2698 - No timing constraints found, doing default enumeration.
INFO:Timing:3412 - To improve timing, see the Timing Closure User Guide (UG612).
INFO:Timing:2752 - To get complete path coverage, use the unconstrained paths 
   option. All paths that are not constrained will be reported in the 
   unconstrained paths section(s) of the report.
INFO:Timing:3339 - The clock-to-out numbers in this timing report are based on 
   a 50 Ohm transmission line loading model.  For the details of this model, 
   and for more information on accounting for different loading conditions, 
   please see the device datasheet.



Data Sheet report:
-----------------
All values displayed in nanoseconds (ns)

Pad to Pad
----------------+---------------+---------+
Source Pad      |Destination Pad|  Delay  |
----------------+---------------+---------+
exp_corrected<0>|exp_co<0>      |   14.343|
exp_corrected<1>|exp_co<1>      |   15.008|
exp_corrected<2>|exp_co<2>      |   13.422|
exp_corrected<3>|exp_co<3>      |   16.738|
exp_corrected<4>|exp_co<4>      |   16.554|
exp_corrected<5>|exp_co<5>      |   16.278|
exp_corrected<6>|exp_co<6>      |   15.684|
exp_corrected<7>|exp_co<7>      |   15.573|
sum_shifted<0>  |sum_co<0>      |   16.491|
sum_shifted<0>  |sum_co<1>      |   15.423|
sum_shifted<0>  |sum_co<2>      |   16.918|
sum_shifted<0>  |sum_co<3>      |   16.485|
sum_shifted<0>  |sum_co<4>      |   16.196|
sum_shifted<0>  |sum_co<5>      |   17.071|
sum_shifted<0>  |sum_co<6>      |   16.676|
sum_shifted<0>  |sum_co<7>      |   15.270|
sum_shifted<0>  |sum_co<8>      |   16.031|
sum_shifted<0>  |sum_co<9>      |   16.114|
sum_shifted<0>  |sum_co<10>     |   17.485|
sum_shifted<0>  |sum_co<11>     |   16.711|
sum_shifted<0>  |sum_co<12>     |   16.607|
sum_shifted<0>  |sum_co<13>     |   16.981|
sum_shifted<0>  |sum_co<14>     |   16.882|
sum_shifted<0>  |sum_co<15>     |   16.656|
sum_shifted<0>  |sum_co<16>     |   16.599|
sum_shifted<0>  |sum_co<17>     |   17.399|
sum_shifted<0>  |sum_co<18>     |   17.874|
sum_shifted<0>  |sum_co<19>     |   18.154|
sum_shifted<0>  |sum_co<20>     |   18.042|
sum_shifted<0>  |sum_co<21>     |   17.658|
sum_shifted<0>  |sum_co<22>     |   17.497|
sum_shifted<0>  |sum_co<23>     |   19.183|
sum_shifted<1>  |sum_co<0>      |   16.322|
sum_shifted<1>  |sum_co<1>      |   15.254|
sum_shifted<1>  |sum_co<2>      |   16.749|
sum_shifted<1>  |sum_co<3>      |   16.316|
sum_shifted<1>  |sum_co<4>      |   16.027|
sum_shifted<1>  |sum_co<5>      |   16.902|
sum_shifted<1>  |sum_co<6>      |   16.507|
sum_shifted<1>  |sum_co<7>      |   15.101|
sum_shifted<1>  |sum_co<8>      |   15.862|
sum_shifted<1>  |sum_co<9>      |   15.945|
sum_shifted<1>  |sum_co<10>     |   17.316|
sum_shifted<1>  |sum_co<11>     |   16.542|
sum_shifted<1>  |sum_co<12>     |   16.438|
sum_shifted<1>  |sum_co<13>     |   16.812|
sum_shifted<1>  |sum_co<14>     |   16.713|
sum_shifted<1>  |sum_co<15>     |   16.487|
sum_shifted<1>  |sum_co<16>     |   16.430|
sum_shifted<1>  |sum_co<17>     |   17.230|
sum_shifted<1>  |sum_co<18>     |   17.705|
sum_shifted<1>  |sum_co<19>     |   17.985|
sum_shifted<1>  |sum_co<20>     |   17.873|
sum_shifted<1>  |sum_co<21>     |   17.489|
sum_shifted<1>  |sum_co<22>     |   17.328|
sum_shifted<1>  |sum_co<23>     |   19.014|
sum_shifted<2>  |sum_co<0>      |   16.524|
sum_shifted<2>  |sum_co<1>      |   15.456|
sum_shifted<2>  |sum_co<2>      |   16.951|
sum_shifted<2>  |sum_co<3>      |   16.518|
sum_shifted<2>  |sum_co<4>      |   16.229|
sum_shifted<2>  |sum_co<5>      |   17.104|
sum_shifted<2>  |sum_co<6>      |   16.709|
sum_shifted<2>  |sum_co<7>      |   15.303|
sum_shifted<2>  |sum_co<8>      |   16.064|
sum_shifted<2>  |sum_co<9>      |   16.147|
sum_shifted<2>  |sum_co<10>     |   17.518|
sum_shifted<2>  |sum_co<11>     |   16.744|
sum_shifted<2>  |sum_co<12>     |   16.640|
sum_shifted<2>  |sum_co<13>     |   17.014|
sum_shifted<2>  |sum_co<14>     |   16.915|
sum_shifted<2>  |sum_co<15>     |   16.689|
sum_shifted<2>  |sum_co<16>     |   16.632|
sum_shifted<2>  |sum_co<17>     |   17.432|
sum_shifted<2>  |sum_co<18>     |   17.907|
sum_shifted<2>  |sum_co<19>     |   18.187|
sum_shifted<2>  |sum_co<20>     |   18.075|
sum_shifted<2>  |sum_co<21>     |   17.691|
sum_shifted<2>  |sum_co<22>     |   17.530|
sum_shifted<2>  |sum_co<23>     |   19.216|
sum_shifted<3>  |sum_co<0>      |   16.436|
sum_shifted<3>  |sum_co<1>      |   15.368|
sum_shifted<3>  |sum_co<2>      |   16.863|
sum_shifted<3>  |sum_co<3>      |   16.430|
sum_shifted<3>  |sum_co<4>      |   16.141|
sum_shifted<3>  |sum_co<5>      |   17.016|
sum_shifted<3>  |sum_co<6>      |   16.621|
sum_shifted<3>  |sum_co<7>      |   15.215|
sum_shifted<3>  |sum_co<8>      |   15.976|
sum_shifted<3>  |sum_co<9>      |   16.059|
sum_shifted<3>  |sum_co<10>     |   17.430|
sum_shifted<3>  |sum_co<11>     |   16.656|
sum_shifted<3>  |sum_co<12>     |   16.552|
sum_shifted<3>  |sum_co<13>     |   16.926|
sum_shifted<3>  |sum_co<14>     |   16.827|
sum_shifted<3>  |sum_co<15>     |   16.601|
sum_shifted<3>  |sum_co<16>     |   16.544|
sum_shifted<3>  |sum_co<17>     |   17.344|
sum_shifted<3>  |sum_co<18>     |   17.819|
sum_shifted<3>  |sum_co<19>     |   18.099|
sum_shifted<3>  |sum_co<20>     |   17.987|
sum_shifted<3>  |sum_co<21>     |   17.603|
sum_shifted<3>  |sum_co<22>     |   17.442|
sum_shifted<3>  |sum_co<23>     |   19.128|
sum_shifted<4>  |sum_co<0>      |   15.409|
sum_shifted<4>  |sum_co<1>      |   14.341|
sum_shifted<4>  |sum_co<2>      |   15.836|
sum_shifted<4>  |sum_co<3>      |   15.403|
sum_shifted<4>  |sum_co<4>      |   15.114|
sum_shifted<4>  |sum_co<5>      |   15.989|
sum_shifted<4>  |sum_co<6>      |   15.594|
sum_shifted<4>  |sum_co<7>      |   14.188|
sum_shifted<4>  |sum_co<8>      |   14.949|
sum_shifted<4>  |sum_co<9>      |   15.032|
sum_shifted<4>  |sum_co<10>     |   16.403|
sum_shifted<4>  |sum_co<11>     |   15.629|
sum_shifted<4>  |sum_co<12>     |   15.525|
sum_shifted<4>  |sum_co<13>     |   15.899|
sum_shifted<4>  |sum_co<14>     |   15.800|
sum_shifted<4>  |sum_co<15>     |   15.574|
sum_shifted<4>  |sum_co<16>     |   15.517|
sum_shifted<4>  |sum_co<17>     |   16.317|
sum_shifted<4>  |sum_co<18>     |   16.792|
sum_shifted<4>  |sum_co<19>     |   17.072|
sum_shifted<4>  |sum_co<20>     |   16.960|
sum_shifted<4>  |sum_co<21>     |   16.576|
sum_shifted<4>  |sum_co<22>     |   16.415|
sum_shifted<4>  |sum_co<23>     |   18.101|
sum_shifted<5>  |sum_co<0>      |   15.552|
sum_shifted<5>  |sum_co<1>      |   14.484|
sum_shifted<5>  |sum_co<2>      |   15.979|
sum_shifted<5>  |sum_co<3>      |   15.546|
sum_shifted<5>  |sum_co<4>      |   15.257|
sum_shifted<5>  |sum_co<5>      |   16.132|
sum_shifted<5>  |sum_co<6>      |   15.737|
sum_shifted<5>  |sum_co<7>      |   14.331|
sum_shifted<5>  |sum_co<8>      |   15.092|
sum_shifted<5>  |sum_co<9>      |   15.175|
sum_shifted<5>  |sum_co<10>     |   16.546|
sum_shifted<5>  |sum_co<11>     |   15.772|
sum_shifted<5>  |sum_co<12>     |   15.668|
sum_shifted<5>  |sum_co<13>     |   16.042|
sum_shifted<5>  |sum_co<14>     |   15.943|
sum_shifted<5>  |sum_co<15>     |   15.717|
sum_shifted<5>  |sum_co<16>     |   15.660|
sum_shifted<5>  |sum_co<17>     |   16.460|
sum_shifted<5>  |sum_co<18>     |   16.935|
sum_shifted<5>  |sum_co<19>     |   17.215|
sum_shifted<5>  |sum_co<20>     |   17.103|
sum_shifted<5>  |sum_co<21>     |   16.719|
sum_shifted<5>  |sum_co<22>     |   16.558|
sum_shifted<5>  |sum_co<23>     |   18.244|
sum_shifted<6>  |sum_co<0>      |   16.064|
sum_shifted<6>  |sum_co<1>      |   14.996|
sum_shifted<6>  |sum_co<2>      |   16.491|
sum_shifted<6>  |sum_co<3>      |   16.058|
sum_shifted<6>  |sum_co<4>      |   15.769|
sum_shifted<6>  |sum_co<5>      |   16.644|
sum_shifted<6>  |sum_co<6>      |   16.249|
sum_shifted<6>  |sum_co<7>      |   14.843|
sum_shifted<6>  |sum_co<8>      |   15.604|
sum_shifted<6>  |sum_co<9>      |   15.687|
sum_shifted<6>  |sum_co<10>     |   17.058|
sum_shifted<6>  |sum_co<11>     |   16.284|
sum_shifted<6>  |sum_co<12>     |   16.180|
sum_shifted<6>  |sum_co<13>     |   16.554|
sum_shifted<6>  |sum_co<14>     |   16.455|
sum_shifted<6>  |sum_co<15>     |   16.229|
sum_shifted<6>  |sum_co<16>     |   16.172|
sum_shifted<6>  |sum_co<17>     |   16.972|
sum_shifted<6>  |sum_co<18>     |   17.447|
sum_shifted<6>  |sum_co<19>     |   17.727|
sum_shifted<6>  |sum_co<20>     |   17.615|
sum_shifted<6>  |sum_co<21>     |   17.231|
sum_shifted<6>  |sum_co<22>     |   17.070|
sum_shifted<6>  |sum_co<23>     |   18.756|
sum_shifted<7>  |sum_co<0>      |   15.176|
sum_shifted<7>  |sum_co<1>      |   14.108|
sum_shifted<7>  |sum_co<2>      |   15.603|
sum_shifted<7>  |sum_co<3>      |   15.170|
sum_shifted<7>  |sum_co<4>      |   14.881|
sum_shifted<7>  |sum_co<5>      |   15.756|
sum_shifted<7>  |sum_co<6>      |   15.361|
sum_shifted<7>  |sum_co<7>      |   13.955|
sum_shifted<7>  |sum_co<8>      |   14.716|
sum_shifted<7>  |sum_co<9>      |   14.799|
sum_shifted<7>  |sum_co<10>     |   16.170|
sum_shifted<7>  |sum_co<11>     |   15.396|
sum_shifted<7>  |sum_co<12>     |   15.292|
sum_shifted<7>  |sum_co<13>     |   15.666|
sum_shifted<7>  |sum_co<14>     |   15.567|
sum_shifted<7>  |sum_co<15>     |   15.341|
sum_shifted<7>  |sum_co<16>     |   15.284|
sum_shifted<7>  |sum_co<17>     |   16.084|
sum_shifted<7>  |sum_co<18>     |   16.559|
sum_shifted<7>  |sum_co<19>     |   16.839|
sum_shifted<7>  |sum_co<20>     |   16.727|
sum_shifted<7>  |sum_co<21>     |   16.343|
sum_shifted<7>  |sum_co<22>     |   16.182|
sum_shifted<7>  |sum_co<23>     |   17.868|
sum_shifted<8>  |sum_co<0>      |   15.296|
sum_shifted<8>  |sum_co<1>      |   14.228|
sum_shifted<8>  |sum_co<2>      |   15.723|
sum_shifted<8>  |sum_co<3>      |   15.290|
sum_shifted<8>  |sum_co<4>      |   15.001|
sum_shifted<8>  |sum_co<5>      |   15.876|
sum_shifted<8>  |sum_co<6>      |   15.481|
sum_shifted<8>  |sum_co<7>      |   14.075|
sum_shifted<8>  |sum_co<8>      |   14.836|
sum_shifted<8>  |sum_co<9>      |   14.919|
sum_shifted<8>  |sum_co<10>     |   16.290|
sum_shifted<8>  |sum_co<11>     |   15.516|
sum_shifted<8>  |sum_co<12>     |   15.412|
sum_shifted<8>  |sum_co<13>     |   15.786|
sum_shifted<8>  |sum_co<14>     |   15.687|
sum_shifted<8>  |sum_co<15>     |   15.461|
sum_shifted<8>  |sum_co<16>     |   15.404|
sum_shifted<8>  |sum_co<17>     |   16.204|
sum_shifted<8>  |sum_co<18>     |   16.679|
sum_shifted<8>  |sum_co<19>     |   16.959|
sum_shifted<8>  |sum_co<20>     |   16.847|
sum_shifted<8>  |sum_co<21>     |   16.463|
sum_shifted<8>  |sum_co<22>     |   16.302|
sum_shifted<8>  |sum_co<23>     |   17.988|
sum_shifted<9>  |sum_co<0>      |   15.462|
sum_shifted<9>  |sum_co<1>      |   14.394|
sum_shifted<9>  |sum_co<2>      |   15.889|
sum_shifted<9>  |sum_co<3>      |   15.456|
sum_shifted<9>  |sum_co<4>      |   15.167|
sum_shifted<9>  |sum_co<5>      |   16.042|
sum_shifted<9>  |sum_co<6>      |   15.647|
sum_shifted<9>  |sum_co<7>      |   14.241|
sum_shifted<9>  |sum_co<8>      |   15.002|
sum_shifted<9>  |sum_co<9>      |   15.085|
sum_shifted<9>  |sum_co<10>     |   16.456|
sum_shifted<9>  |sum_co<11>     |   15.682|
sum_shifted<9>  |sum_co<12>     |   15.578|
sum_shifted<9>  |sum_co<13>     |   15.952|
sum_shifted<9>  |sum_co<14>     |   15.853|
sum_shifted<9>  |sum_co<15>     |   15.627|
sum_shifted<9>  |sum_co<16>     |   15.570|
sum_shifted<9>  |sum_co<17>     |   16.370|
sum_shifted<9>  |sum_co<18>     |   16.845|
sum_shifted<9>  |sum_co<19>     |   17.125|
sum_shifted<9>  |sum_co<20>     |   17.013|
sum_shifted<9>  |sum_co<21>     |   16.629|
sum_shifted<9>  |sum_co<22>     |   16.468|
sum_shifted<9>  |sum_co<23>     |   18.154|
sum_shifted<10> |sum_co<0>      |   14.666|
sum_shifted<10> |sum_co<1>      |   13.598|
sum_shifted<10> |sum_co<2>      |   15.093|
sum_shifted<10> |sum_co<3>      |   14.660|
sum_shifted<10> |sum_co<4>      |   14.371|
sum_shifted<10> |sum_co<5>      |   15.246|
sum_shifted<10> |sum_co<6>      |   14.851|
sum_shifted<10> |sum_co<7>      |   13.445|
sum_shifted<10> |sum_co<8>      |   14.206|
sum_shifted<10> |sum_co<9>      |   14.289|
sum_shifted<10> |sum_co<10>     |   15.660|
sum_shifted<10> |sum_co<11>     |   14.886|
sum_shifted<10> |sum_co<12>     |   14.782|
sum_shifted<10> |sum_co<13>     |   15.156|
sum_shifted<10> |sum_co<14>     |   15.057|
sum_shifted<10> |sum_co<15>     |   14.831|
sum_shifted<10> |sum_co<16>     |   14.774|
sum_shifted<10> |sum_co<17>     |   15.574|
sum_shifted<10> |sum_co<18>     |   16.049|
sum_shifted<10> |sum_co<19>     |   16.329|
sum_shifted<10> |sum_co<20>     |   16.217|
sum_shifted<10> |sum_co<21>     |   15.833|
sum_shifted<10> |sum_co<22>     |   15.672|
sum_shifted<10> |sum_co<23>     |   17.358|
sum_shifted<11> |sum_co<0>      |   14.770|
sum_shifted<11> |sum_co<1>      |   13.702|
sum_shifted<11> |sum_co<2>      |   15.197|
sum_shifted<11> |sum_co<3>      |   14.764|
sum_shifted<11> |sum_co<4>      |   14.475|
sum_shifted<11> |sum_co<5>      |   15.350|
sum_shifted<11> |sum_co<6>      |   14.955|
sum_shifted<11> |sum_co<7>      |   13.549|
sum_shifted<11> |sum_co<8>      |   14.310|
sum_shifted<11> |sum_co<9>      |   14.393|
sum_shifted<11> |sum_co<10>     |   15.764|
sum_shifted<11> |sum_co<11>     |   14.990|
sum_shifted<11> |sum_co<12>     |   14.886|
sum_shifted<11> |sum_co<13>     |   15.260|
sum_shifted<11> |sum_co<14>     |   15.161|
sum_shifted<11> |sum_co<15>     |   14.935|
sum_shifted<11> |sum_co<16>     |   14.878|
sum_shifted<11> |sum_co<17>     |   15.678|
sum_shifted<11> |sum_co<18>     |   16.153|
sum_shifted<11> |sum_co<19>     |   16.433|
sum_shifted<11> |sum_co<20>     |   16.321|
sum_shifted<11> |sum_co<21>     |   15.937|
sum_shifted<11> |sum_co<22>     |   15.776|
sum_shifted<11> |sum_co<23>     |   17.462|
sum_shifted<12> |sum_co<0>      |   15.036|
sum_shifted<12> |sum_co<1>      |   13.968|
sum_shifted<12> |sum_co<2>      |   15.463|
sum_shifted<12> |sum_co<3>      |   15.030|
sum_shifted<12> |sum_co<4>      |   14.741|
sum_shifted<12> |sum_co<5>      |   15.616|
sum_shifted<12> |sum_co<6>      |   15.221|
sum_shifted<12> |sum_co<7>      |   13.815|
sum_shifted<12> |sum_co<8>      |   14.576|
sum_shifted<12> |sum_co<9>      |   14.659|
sum_shifted<12> |sum_co<10>     |   16.030|
sum_shifted<12> |sum_co<11>     |   15.256|
sum_shifted<12> |sum_co<12>     |   15.152|
sum_shifted<12> |sum_co<13>     |   15.526|
sum_shifted<12> |sum_co<14>     |   15.427|
sum_shifted<12> |sum_co<15>     |   15.201|
sum_shifted<12> |sum_co<16>     |   15.144|
sum_shifted<12> |sum_co<17>     |   15.944|
sum_shifted<12> |sum_co<18>     |   16.419|
sum_shifted<12> |sum_co<19>     |   16.699|
sum_shifted<12> |sum_co<20>     |   16.587|
sum_shifted<12> |sum_co<21>     |   16.203|
sum_shifted<12> |sum_co<22>     |   16.042|
sum_shifted<12> |sum_co<23>     |   17.728|
sum_shifted<13> |sum_co<0>      |   15.110|
sum_shifted<13> |sum_co<1>      |   14.042|
sum_shifted<13> |sum_co<2>      |   15.537|
sum_shifted<13> |sum_co<3>      |   15.104|
sum_shifted<13> |sum_co<4>      |   14.815|
sum_shifted<13> |sum_co<5>      |   15.690|
sum_shifted<13> |sum_co<6>      |   15.295|
sum_shifted<13> |sum_co<7>      |   13.889|
sum_shifted<13> |sum_co<8>      |   14.650|
sum_shifted<13> |sum_co<9>      |   14.733|
sum_shifted<13> |sum_co<10>     |   16.104|
sum_shifted<13> |sum_co<11>     |   15.330|
sum_shifted<13> |sum_co<12>     |   15.226|
sum_shifted<13> |sum_co<13>     |   15.600|
sum_shifted<13> |sum_co<14>     |   15.501|
sum_shifted<13> |sum_co<15>     |   15.275|
sum_shifted<13> |sum_co<16>     |   15.218|
sum_shifted<13> |sum_co<17>     |   16.018|
sum_shifted<13> |sum_co<18>     |   16.493|
sum_shifted<13> |sum_co<19>     |   16.773|
sum_shifted<13> |sum_co<20>     |   16.661|
sum_shifted<13> |sum_co<21>     |   16.277|
sum_shifted<13> |sum_co<22>     |   16.116|
sum_shifted<13> |sum_co<23>     |   17.802|
sum_shifted<14> |sum_co<0>      |   14.855|
sum_shifted<14> |sum_co<1>      |   13.787|
sum_shifted<14> |sum_co<2>      |   15.282|
sum_shifted<14> |sum_co<3>      |   14.849|
sum_shifted<14> |sum_co<4>      |   14.560|
sum_shifted<14> |sum_co<5>      |   15.435|
sum_shifted<14> |sum_co<6>      |   15.040|
sum_shifted<14> |sum_co<7>      |   13.634|
sum_shifted<14> |sum_co<8>      |   14.395|
sum_shifted<14> |sum_co<9>      |   14.478|
sum_shifted<14> |sum_co<10>     |   15.849|
sum_shifted<14> |sum_co<11>     |   15.075|
sum_shifted<14> |sum_co<12>     |   14.971|
sum_shifted<14> |sum_co<13>     |   15.345|
sum_shifted<14> |sum_co<14>     |   15.246|
sum_shifted<14> |sum_co<15>     |   15.020|
sum_shifted<14> |sum_co<16>     |   14.963|
sum_shifted<14> |sum_co<17>     |   15.763|
sum_shifted<14> |sum_co<18>     |   16.238|
sum_shifted<14> |sum_co<19>     |   16.518|
sum_shifted<14> |sum_co<20>     |   16.406|
sum_shifted<14> |sum_co<21>     |   16.022|
sum_shifted<14> |sum_co<22>     |   15.861|
sum_shifted<14> |sum_co<23>     |   17.547|
sum_shifted<15> |sum_co<0>      |   15.481|
sum_shifted<15> |sum_co<1>      |   14.413|
sum_shifted<15> |sum_co<2>      |   15.908|
sum_shifted<15> |sum_co<3>      |   15.475|
sum_shifted<15> |sum_co<4>      |   15.186|
sum_shifted<15> |sum_co<5>      |   16.061|
sum_shifted<15> |sum_co<6>      |   15.666|
sum_shifted<15> |sum_co<7>      |   14.260|
sum_shifted<15> |sum_co<8>      |   15.021|
sum_shifted<15> |sum_co<9>      |   15.104|
sum_shifted<15> |sum_co<10>     |   16.475|
sum_shifted<15> |sum_co<11>     |   15.701|
sum_shifted<15> |sum_co<12>     |   15.597|
sum_shifted<15> |sum_co<13>     |   15.971|
sum_shifted<15> |sum_co<14>     |   15.872|
sum_shifted<15> |sum_co<15>     |   15.646|
sum_shifted<15> |sum_co<16>     |   15.589|
sum_shifted<15> |sum_co<17>     |   16.389|
sum_shifted<15> |sum_co<18>     |   16.864|
sum_shifted<15> |sum_co<19>     |   17.144|
sum_shifted<15> |sum_co<20>     |   17.032|
sum_shifted<15> |sum_co<21>     |   16.648|
sum_shifted<15> |sum_co<22>     |   16.487|
sum_shifted<15> |sum_co<23>     |   18.173|
sum_shifted<16> |sum_co<0>      |   15.103|
sum_shifted<16> |sum_co<1>      |   14.035|
sum_shifted<16> |sum_co<2>      |   15.530|
sum_shifted<16> |sum_co<3>      |   15.097|
sum_shifted<16> |sum_co<4>      |   14.808|
sum_shifted<16> |sum_co<5>      |   15.683|
sum_shifted<16> |sum_co<6>      |   15.288|
sum_shifted<16> |sum_co<7>      |   13.882|
sum_shifted<16> |sum_co<8>      |   14.643|
sum_shifted<16> |sum_co<9>      |   14.726|
sum_shifted<16> |sum_co<10>     |   16.097|
sum_shifted<16> |sum_co<11>     |   15.323|
sum_shifted<16> |sum_co<12>     |   15.219|
sum_shifted<16> |sum_co<13>     |   15.593|
sum_shifted<16> |sum_co<14>     |   15.494|
sum_shifted<16> |sum_co<15>     |   15.268|
sum_shifted<16> |sum_co<16>     |   15.211|
sum_shifted<16> |sum_co<17>     |   16.011|
sum_shifted<16> |sum_co<18>     |   16.486|
sum_shifted<16> |sum_co<19>     |   16.766|
sum_shifted<16> |sum_co<20>     |   16.654|
sum_shifted<16> |sum_co<21>     |   16.270|
sum_shifted<16> |sum_co<22>     |   16.109|
sum_shifted<16> |sum_co<23>     |   17.795|
sum_shifted<17> |sum_co<0>      |   14.788|
sum_shifted<17> |sum_co<1>      |   13.720|
sum_shifted<17> |sum_co<2>      |   15.215|
sum_shifted<17> |sum_co<3>      |   14.782|
sum_shifted<17> |sum_co<4>      |   14.493|
sum_shifted<17> |sum_co<5>      |   15.368|
sum_shifted<17> |sum_co<6>      |   14.973|
sum_shifted<17> |sum_co<7>      |   13.567|
sum_shifted<17> |sum_co<8>      |   14.328|
sum_shifted<17> |sum_co<9>      |   14.411|
sum_shifted<17> |sum_co<10>     |   15.782|
sum_shifted<17> |sum_co<11>     |   15.008|
sum_shifted<17> |sum_co<12>     |   14.904|
sum_shifted<17> |sum_co<13>     |   15.278|
sum_shifted<17> |sum_co<14>     |   15.179|
sum_shifted<17> |sum_co<15>     |   14.953|
sum_shifted<17> |sum_co<16>     |   14.896|
sum_shifted<17> |sum_co<17>     |   15.696|
sum_shifted<17> |sum_co<18>     |   16.171|
sum_shifted<17> |sum_co<19>     |   16.451|
sum_shifted<17> |sum_co<20>     |   16.339|
sum_shifted<17> |sum_co<21>     |   15.955|
sum_shifted<17> |sum_co<22>     |   15.794|
sum_shifted<17> |sum_co<23>     |   17.480|
sum_shifted<18> |sum_co<0>      |   15.712|
sum_shifted<18> |sum_co<1>      |   14.644|
sum_shifted<18> |sum_co<2>      |   16.139|
sum_shifted<18> |sum_co<3>      |   15.706|
sum_shifted<18> |sum_co<4>      |   15.417|
sum_shifted<18> |sum_co<5>      |   16.292|
sum_shifted<18> |sum_co<6>      |   15.897|
sum_shifted<18> |sum_co<7>      |   14.491|
sum_shifted<18> |sum_co<8>      |   15.252|
sum_shifted<18> |sum_co<9>      |   15.335|
sum_shifted<18> |sum_co<10>     |   16.706|
sum_shifted<18> |sum_co<11>     |   15.932|
sum_shifted<18> |sum_co<12>     |   15.828|
sum_shifted<18> |sum_co<13>     |   16.202|
sum_shifted<18> |sum_co<14>     |   16.103|
sum_shifted<18> |sum_co<15>     |   15.877|
sum_shifted<18> |sum_co<16>     |   15.820|
sum_shifted<18> |sum_co<17>     |   16.620|
sum_shifted<18> |sum_co<18>     |   17.095|
sum_shifted<18> |sum_co<19>     |   17.375|
sum_shifted<18> |sum_co<20>     |   17.263|
sum_shifted<18> |sum_co<21>     |   16.879|
sum_shifted<18> |sum_co<22>     |   16.718|
sum_shifted<18> |sum_co<23>     |   18.404|
sum_shifted<19> |sum_co<0>      |   15.718|
sum_shifted<19> |sum_co<1>      |   14.650|
sum_shifted<19> |sum_co<2>      |   16.145|
sum_shifted<19> |sum_co<3>      |   15.712|
sum_shifted<19> |sum_co<4>      |   15.423|
sum_shifted<19> |sum_co<5>      |   16.298|
sum_shifted<19> |sum_co<6>      |   15.903|
sum_shifted<19> |sum_co<7>      |   14.497|
sum_shifted<19> |sum_co<8>      |   15.258|
sum_shifted<19> |sum_co<9>      |   15.341|
sum_shifted<19> |sum_co<10>     |   16.712|
sum_shifted<19> |sum_co<11>     |   15.938|
sum_shifted<19> |sum_co<12>     |   15.834|
sum_shifted<19> |sum_co<13>     |   16.208|
sum_shifted<19> |sum_co<14>     |   16.109|
sum_shifted<19> |sum_co<15>     |   15.883|
sum_shifted<19> |sum_co<16>     |   15.826|
sum_shifted<19> |sum_co<17>     |   16.626|
sum_shifted<19> |sum_co<18>     |   17.101|
sum_shifted<19> |sum_co<19>     |   17.381|
sum_shifted<19> |sum_co<20>     |   17.269|
sum_shifted<19> |sum_co<21>     |   16.885|
sum_shifted<19> |sum_co<22>     |   16.724|
sum_shifted<19> |sum_co<23>     |   18.410|
sum_shifted<20> |sum_co<0>      |   15.721|
sum_shifted<20> |sum_co<1>      |   14.653|
sum_shifted<20> |sum_co<2>      |   16.148|
sum_shifted<20> |sum_co<3>      |   15.715|
sum_shifted<20> |sum_co<4>      |   15.426|
sum_shifted<20> |sum_co<5>      |   16.301|
sum_shifted<20> |sum_co<6>      |   15.906|
sum_shifted<20> |sum_co<7>      |   14.500|
sum_shifted<20> |sum_co<8>      |   15.261|
sum_shifted<20> |sum_co<9>      |   15.344|
sum_shifted<20> |sum_co<10>     |   16.715|
sum_shifted<20> |sum_co<11>     |   15.941|
sum_shifted<20> |sum_co<12>     |   15.837|
sum_shifted<20> |sum_co<13>     |   16.211|
sum_shifted<20> |sum_co<14>     |   16.112|
sum_shifted<20> |sum_co<15>     |   15.886|
sum_shifted<20> |sum_co<16>     |   15.829|
sum_shifted<20> |sum_co<17>     |   16.629|
sum_shifted<20> |sum_co<18>     |   17.104|
sum_shifted<20> |sum_co<19>     |   17.384|
sum_shifted<20> |sum_co<20>     |   17.272|
sum_shifted<20> |sum_co<21>     |   16.888|
sum_shifted<20> |sum_co<22>     |   16.727|
sum_shifted<20> |sum_co<23>     |   18.413|
sum_shifted<21> |sum_co<0>      |   13.572|
sum_shifted<21> |sum_co<1>      |   12.504|
sum_shifted<21> |sum_co<2>      |   13.999|
sum_shifted<21> |sum_co<3>      |   13.566|
sum_shifted<21> |sum_co<4>      |   13.277|
sum_shifted<21> |sum_co<5>      |   14.152|
sum_shifted<21> |sum_co<6>      |   13.757|
sum_shifted<21> |sum_co<7>      |   12.351|
sum_shifted<21> |sum_co<8>      |   13.112|
sum_shifted<21> |sum_co<9>      |   13.195|
sum_shifted<21> |sum_co<10>     |   14.566|
sum_shifted<21> |sum_co<11>     |   13.792|
sum_shifted<21> |sum_co<12>     |   13.688|
sum_shifted<21> |sum_co<13>     |   14.062|
sum_shifted<21> |sum_co<14>     |   13.963|
sum_shifted<21> |sum_co<15>     |   13.737|
sum_shifted<21> |sum_co<16>     |   13.680|
sum_shifted<21> |sum_co<17>     |   14.480|
sum_shifted<21> |sum_co<18>     |   14.955|
sum_shifted<21> |sum_co<19>     |   15.235|
sum_shifted<21> |sum_co<20>     |   15.123|
sum_shifted<21> |sum_co<21>     |   14.739|
sum_shifted<21> |sum_co<22>     |   14.578|
sum_shifted<21> |sum_co<23>     |   16.264|
sum_shifted<22> |sum_co<0>      |   15.353|
sum_shifted<22> |sum_co<1>      |   14.285|
sum_shifted<22> |sum_co<2>      |   15.780|
sum_shifted<22> |sum_co<3>      |   15.347|
sum_shifted<22> |sum_co<4>      |   15.058|
sum_shifted<22> |sum_co<5>      |   15.933|
sum_shifted<22> |sum_co<6>      |   15.538|
sum_shifted<22> |sum_co<7>      |   14.132|
sum_shifted<22> |sum_co<8>      |   14.893|
sum_shifted<22> |sum_co<9>      |   14.976|
sum_shifted<22> |sum_co<10>     |   16.347|
sum_shifted<22> |sum_co<11>     |   15.573|
sum_shifted<22> |sum_co<12>     |   15.469|
sum_shifted<22> |sum_co<13>     |   15.843|
sum_shifted<22> |sum_co<14>     |   15.744|
sum_shifted<22> |sum_co<15>     |   15.518|
sum_shifted<22> |sum_co<16>     |   15.461|
sum_shifted<22> |sum_co<17>     |   16.261|
sum_shifted<22> |sum_co<18>     |   16.736|
sum_shifted<22> |sum_co<19>     |   17.016|
sum_shifted<22> |sum_co<20>     |   16.904|
sum_shifted<22> |sum_co<21>     |   16.520|
sum_shifted<22> |sum_co<22>     |   16.359|
sum_shifted<22> |sum_co<23>     |   18.045|
sum_shifted<23> |sum_co<0>      |   11.832|
sum_shifted<23> |sum_co<1>      |   12.038|
sum_shifted<23> |sum_co<2>      |   12.536|
sum_shifted<23> |sum_co<3>      |   12.211|
sum_shifted<23> |sum_co<4>      |   12.110|
sum_shifted<23> |sum_co<5>      |   13.045|
sum_shifted<23> |sum_co<6>      |   12.498|
sum_shifted<23> |sum_co<7>      |   12.209|
sum_shifted<23> |sum_co<8>      |   12.830|
sum_shifted<23> |sum_co<9>      |   14.023|
sum_shifted<23> |sum_co<10>     |   13.266|
sum_shifted<23> |sum_co<11>     |   13.526|
sum_shifted<23> |sum_co<12>     |   13.569|
sum_shifted<23> |sum_co<13>     |   13.987|
sum_shifted<23> |sum_co<14>     |   13.826|
sum_shifted<23> |sum_co<15>     |   13.786|
sum_shifted<23> |sum_co<16>     |   13.712|
sum_shifted<23> |sum_co<17>     |   15.530|
sum_shifted<23> |sum_co<18>     |   16.014|
sum_shifted<23> |sum_co<19>     |   15.592|
sum_shifted<23> |sum_co<20>     |   15.291|
sum_shifted<23> |sum_co<21>     |   15.585|
sum_shifted<23> |sum_co<22>     |   15.627|
sum_shifted<23> |sum_co<23>     |   15.417|
sum_shifted<24> |sum_co<1>      |   11.699|
sum_shifted<24> |sum_co<2>      |   12.242|
sum_shifted<24> |sum_co<3>      |   11.923|
sum_shifted<24> |sum_co<4>      |   11.815|
sum_shifted<24> |sum_co<5>      |   12.750|
sum_shifted<24> |sum_co<6>      |   12.203|
sum_shifted<24> |sum_co<7>      |   11.914|
sum_shifted<24> |sum_co<8>      |   12.535|
sum_shifted<24> |sum_co<9>      |   13.728|
sum_shifted<24> |sum_co<10>     |   12.971|
sum_shifted<24> |sum_co<11>     |   13.231|
sum_shifted<24> |sum_co<12>     |   13.274|
sum_shifted<24> |sum_co<13>     |   13.692|
sum_shifted<24> |sum_co<14>     |   13.531|
sum_shifted<24> |sum_co<15>     |   13.491|
sum_shifted<24> |sum_co<16>     |   13.417|
sum_shifted<24> |sum_co<17>     |   15.235|
sum_shifted<24> |sum_co<18>     |   15.719|
sum_shifted<24> |sum_co<19>     |   15.297|
sum_shifted<24> |sum_co<20>     |   14.996|
sum_shifted<24> |sum_co<21>     |   15.290|
sum_shifted<24> |sum_co<22>     |   15.332|
sum_shifted<24> |sum_co<23>     |   15.122|
sum_shifted<25> |sum_co<2>      |   12.395|
sum_shifted<25> |sum_co<3>      |   12.072|
sum_shifted<25> |sum_co<4>      |   12.010|
sum_shifted<25> |sum_co<5>      |   12.945|
sum_shifted<25> |sum_co<6>      |   12.398|
sum_shifted<25> |sum_co<7>      |   12.109|
sum_shifted<25> |sum_co<8>      |   12.730|
sum_shifted<25> |sum_co<9>      |   13.923|
sum_shifted<25> |sum_co<10>     |   13.166|
sum_shifted<25> |sum_co<11>     |   13.426|
sum_shifted<25> |sum_co<12>     |   13.469|
sum_shifted<25> |sum_co<13>     |   13.887|
sum_shifted<25> |sum_co<14>     |   13.726|
sum_shifted<25> |sum_co<15>     |   13.686|
sum_shifted<25> |sum_co<16>     |   13.612|
sum_shifted<25> |sum_co<17>     |   15.430|
sum_shifted<25> |sum_co<18>     |   15.914|
sum_shifted<25> |sum_co<19>     |   15.492|
sum_shifted<25> |sum_co<20>     |   15.191|
sum_shifted<25> |sum_co<21>     |   15.485|
sum_shifted<25> |sum_co<22>     |   15.527|
sum_shifted<25> |sum_co<23>     |   15.317|
sum_shifted<26> |sum_co<3>      |   12.140|
sum_shifted<26> |sum_co<4>      |   12.080|
sum_shifted<26> |sum_co<5>      |   13.015|
sum_shifted<26> |sum_co<6>      |   12.468|
sum_shifted<26> |sum_co<7>      |   12.179|
sum_shifted<26> |sum_co<8>      |   12.800|
sum_shifted<26> |sum_co<9>      |   13.993|
sum_shifted<26> |sum_co<10>     |   13.236|
sum_shifted<26> |sum_co<11>     |   13.496|
sum_shifted<26> |sum_co<12>     |   13.539|
sum_shifted<26> |sum_co<13>     |   13.957|
sum_shifted<26> |sum_co<14>     |   13.796|
sum_shifted<26> |sum_co<15>     |   13.756|
sum_shifted<26> |sum_co<16>     |   13.682|
sum_shifted<26> |sum_co<17>     |   15.500|
sum_shifted<26> |sum_co<18>     |   15.984|
sum_shifted<26> |sum_co<19>     |   15.562|
sum_shifted<26> |sum_co<20>     |   15.261|
sum_shifted<26> |sum_co<21>     |   15.555|
sum_shifted<26> |sum_co<22>     |   15.597|
sum_shifted<26> |sum_co<23>     |   15.387|
sum_shifted<27> |sum_co<4>      |   11.603|
sum_shifted<27> |sum_co<5>      |   12.510|
sum_shifted<27> |sum_co<6>      |   12.052|
sum_shifted<27> |sum_co<7>      |   11.780|
sum_shifted<27> |sum_co<8>      |   12.442|
sum_shifted<27> |sum_co<9>      |   13.635|
sum_shifted<27> |sum_co<10>     |   12.878|
sum_shifted<27> |sum_co<11>     |   13.138|
sum_shifted<27> |sum_co<12>     |   13.181|
sum_shifted<27> |sum_co<13>     |   13.599|
sum_shifted<27> |sum_co<14>     |   13.438|
sum_shifted<27> |sum_co<15>     |   13.398|
sum_shifted<27> |sum_co<16>     |   13.324|
sum_shifted<27> |sum_co<17>     |   15.142|
sum_shifted<27> |sum_co<18>     |   15.626|
sum_shifted<27> |sum_co<19>     |   15.204|
sum_shifted<27> |sum_co<20>     |   14.903|
sum_shifted<27> |sum_co<21>     |   15.197|
sum_shifted<27> |sum_co<22>     |   15.239|
sum_shifted<27> |sum_co<23>     |   15.029|
sum_shifted<28> |sum_co<5>      |   12.457|
sum_shifted<28> |sum_co<6>      |   12.044|
sum_shifted<28> |sum_co<7>      |   11.778|
sum_shifted<28> |sum_co<8>      |   12.433|
sum_shifted<28> |sum_co<9>      |   13.626|
sum_shifted<28> |sum_co<10>     |   12.869|
sum_shifted<28> |sum_co<11>     |   13.129|
sum_shifted<28> |sum_co<12>     |   13.172|
sum_shifted<28> |sum_co<13>     |   13.590|
sum_shifted<28> |sum_co<14>     |   13.429|
sum_shifted<28> |sum_co<15>     |   13.389|
sum_shifted<28> |sum_co<16>     |   13.315|
sum_shifted<28> |sum_co<17>     |   15.133|
sum_shifted<28> |sum_co<18>     |   15.617|
sum_shifted<28> |sum_co<19>     |   15.195|
sum_shifted<28> |sum_co<20>     |   14.894|
sum_shifted<28> |sum_co<21>     |   15.188|
sum_shifted<28> |sum_co<22>     |   15.230|
sum_shifted<28> |sum_co<23>     |   15.020|
sum_shifted<29> |sum_co<6>      |   12.045|
sum_shifted<29> |sum_co<7>      |   11.775|
sum_shifted<29> |sum_co<8>      |   12.476|
sum_shifted<29> |sum_co<9>      |   13.669|
sum_shifted<29> |sum_co<10>     |   12.912|
sum_shifted<29> |sum_co<11>     |   13.172|
sum_shifted<29> |sum_co<12>     |   13.215|
sum_shifted<29> |sum_co<13>     |   13.633|
sum_shifted<29> |sum_co<14>     |   13.472|
sum_shifted<29> |sum_co<15>     |   13.432|
sum_shifted<29> |sum_co<16>     |   13.358|
sum_shifted<29> |sum_co<17>     |   15.176|
sum_shifted<29> |sum_co<18>     |   15.660|
sum_shifted<29> |sum_co<19>     |   15.238|
sum_shifted<29> |sum_co<20>     |   14.937|
sum_shifted<29> |sum_co<21>     |   15.231|
sum_shifted<29> |sum_co<22>     |   15.273|
sum_shifted<29> |sum_co<23>     |   15.063|
sum_shifted<30> |sum_co<7>      |   11.479|
sum_shifted<30> |sum_co<8>      |   12.182|
sum_shifted<30> |sum_co<9>      |   13.375|
sum_shifted<30> |sum_co<10>     |   12.618|
sum_shifted<30> |sum_co<11>     |   12.878|
sum_shifted<30> |sum_co<12>     |   12.921|
sum_shifted<30> |sum_co<13>     |   13.339|
sum_shifted<30> |sum_co<14>     |   13.178|
sum_shifted<30> |sum_co<15>     |   13.138|
sum_shifted<30> |sum_co<16>     |   13.064|
sum_shifted<30> |sum_co<17>     |   14.882|
sum_shifted<30> |sum_co<18>     |   15.366|
sum_shifted<30> |sum_co<19>     |   14.944|
sum_shifted<30> |sum_co<20>     |   14.643|
sum_shifted<30> |sum_co<21>     |   14.937|
sum_shifted<30> |sum_co<22>     |   14.979|
sum_shifted<30> |sum_co<23>     |   14.769|
sum_shifted<31> |sum_co<8>      |   12.206|
sum_shifted<31> |sum_co<9>      |   13.371|
sum_shifted<31> |sum_co<10>     |   12.703|
sum_shifted<31> |sum_co<11>     |   12.980|
sum_shifted<31> |sum_co<12>     |   13.064|
sum_shifted<31> |sum_co<13>     |   13.482|
sum_shifted<31> |sum_co<14>     |   13.321|
sum_shifted<31> |sum_co<15>     |   13.281|
sum_shifted<31> |sum_co<16>     |   13.207|
sum_shifted<31> |sum_co<17>     |   15.025|
sum_shifted<31> |sum_co<18>     |   15.509|
sum_shifted<31> |sum_co<19>     |   15.087|
sum_shifted<31> |sum_co<20>     |   14.786|
sum_shifted<31> |sum_co<21>     |   15.080|
sum_shifted<31> |sum_co<22>     |   15.122|
sum_shifted<31> |sum_co<23>     |   14.912|
sum_shifted<32> |sum_co<9>      |   13.447|
sum_shifted<32> |sum_co<10>     |   12.824|
sum_shifted<32> |sum_co<11>     |   13.107|
sum_shifted<32> |sum_co<12>     |   13.184|
sum_shifted<32> |sum_co<13>     |   13.602|
sum_shifted<32> |sum_co<14>     |   13.441|
sum_shifted<32> |sum_co<15>     |   13.401|
sum_shifted<32> |sum_co<16>     |   13.327|
sum_shifted<32> |sum_co<17>     |   15.145|
sum_shifted<32> |sum_co<18>     |   15.629|
sum_shifted<32> |sum_co<19>     |   15.207|
sum_shifted<32> |sum_co<20>     |   14.906|
sum_shifted<32> |sum_co<21>     |   15.200|
sum_shifted<32> |sum_co<22>     |   15.242|
sum_shifted<32> |sum_co<23>     |   15.032|
sum_shifted<33> |sum_co<10>     |   12.245|
sum_shifted<33> |sum_co<11>     |   12.524|
sum_shifted<33> |sum_co<12>     |   12.647|
sum_shifted<33> |sum_co<13>     |   13.065|
sum_shifted<33> |sum_co<14>     |   12.904|
sum_shifted<33> |sum_co<15>     |   12.864|
sum_shifted<33> |sum_co<16>     |   12.790|
sum_shifted<33> |sum_co<17>     |   14.608|
sum_shifted<33> |sum_co<18>     |   15.092|
sum_shifted<33> |sum_co<19>     |   14.670|
sum_shifted<33> |sum_co<20>     |   14.369|
sum_shifted<33> |sum_co<21>     |   14.663|
sum_shifted<33> |sum_co<22>     |   14.705|
sum_shifted<33> |sum_co<23>     |   14.495|
sum_shifted<34> |sum_co<11>     |   12.649|
sum_shifted<34> |sum_co<12>     |   12.774|
sum_shifted<34> |sum_co<13>     |   13.192|
sum_shifted<34> |sum_co<14>     |   13.031|
sum_shifted<34> |sum_co<15>     |   12.991|
sum_shifted<34> |sum_co<16>     |   12.917|
sum_shifted<34> |sum_co<17>     |   14.735|
sum_shifted<34> |sum_co<18>     |   15.219|
sum_shifted<34> |sum_co<19>     |   14.797|
sum_shifted<34> |sum_co<20>     |   14.496|
sum_shifted<34> |sum_co<21>     |   14.790|
sum_shifted<34> |sum_co<22>     |   14.832|
sum_shifted<34> |sum_co<23>     |   14.622|
sum_shifted<35> |sum_co<12>     |   12.773|
sum_shifted<35> |sum_co<13>     |   13.163|
sum_shifted<35> |sum_co<14>     |   13.091|
sum_shifted<35> |sum_co<15>     |   13.068|
sum_shifted<35> |sum_co<16>     |   13.035|
sum_shifted<35> |sum_co<17>     |   14.853|
sum_shifted<35> |sum_co<18>     |   15.337|
sum_shifted<35> |sum_co<19>     |   14.915|
sum_shifted<35> |sum_co<20>     |   14.614|
sum_shifted<35> |sum_co<21>     |   14.908|
sum_shifted<35> |sum_co<22>     |   14.950|
sum_shifted<35> |sum_co<23>     |   14.740|
sum_shifted<36> |sum_co<13>     |   12.878|
sum_shifted<36> |sum_co<14>     |   12.851|
sum_shifted<36> |sum_co<15>     |   12.834|
sum_shifted<36> |sum_co<16>     |   12.794|
sum_shifted<36> |sum_co<17>     |   14.612|
sum_shifted<36> |sum_co<18>     |   15.096|
sum_shifted<36> |sum_co<19>     |   14.674|
sum_shifted<36> |sum_co<20>     |   14.373|
sum_shifted<36> |sum_co<21>     |   14.667|
sum_shifted<36> |sum_co<22>     |   14.709|
sum_shifted<36> |sum_co<23>     |   14.499|
sum_shifted<37> |sum_co<14>     |   12.640|
sum_shifted<37> |sum_co<15>     |   12.619|
sum_shifted<37> |sum_co<16>     |   12.625|
sum_shifted<37> |sum_co<17>     |   14.443|
sum_shifted<37> |sum_co<18>     |   14.927|
sum_shifted<37> |sum_co<19>     |   14.505|
sum_shifted<37> |sum_co<20>     |   14.204|
sum_shifted<37> |sum_co<21>     |   14.498|
sum_shifted<37> |sum_co<22>     |   14.540|
sum_shifted<37> |sum_co<23>     |   14.330|
sum_shifted<38> |sum_co<15>     |   12.598|
sum_shifted<38> |sum_co<16>     |   12.606|
sum_shifted<38> |sum_co<17>     |   14.424|
sum_shifted<38> |sum_co<18>     |   14.908|
sum_shifted<38> |sum_co<19>     |   14.486|
sum_shifted<38> |sum_co<20>     |   14.185|
sum_shifted<38> |sum_co<21>     |   14.479|
sum_shifted<38> |sum_co<22>     |   14.521|
sum_shifted<38> |sum_co<23>     |   14.311|
sum_shifted<39> |sum_co<16>     |   12.629|
sum_shifted<39> |sum_co<17>     |   14.419|
sum_shifted<39> |sum_co<18>     |   14.992|
sum_shifted<39> |sum_co<19>     |   14.587|
sum_shifted<39> |sum_co<20>     |   14.327|
sum_shifted<39> |sum_co<21>     |   14.621|
sum_shifted<39> |sum_co<22>     |   14.663|
sum_shifted<39> |sum_co<23>     |   14.453|
sum_shifted<40> |sum_co<17>     |   14.097|
sum_shifted<40> |sum_co<18>     |   14.715|
sum_shifted<40> |sum_co<19>     |   14.316|
sum_shifted<40> |sum_co<20>     |   14.049|
sum_shifted<40> |sum_co<21>     |   14.343|
sum_shifted<40> |sum_co<22>     |   14.385|
sum_shifted<40> |sum_co<23>     |   14.175|
sum_shifted<41> |sum_co<18>     |   14.928|
sum_shifted<41> |sum_co<19>     |   14.525|
sum_shifted<41> |sum_co<20>     |   14.304|
sum_shifted<41> |sum_co<21>     |   14.598|
sum_shifted<41> |sum_co<22>     |   14.640|
sum_shifted<41> |sum_co<23>     |   14.430|
sum_shifted<42> |sum_co<19>     |   14.678|
sum_shifted<42> |sum_co<20>     |   14.459|
sum_shifted<42> |sum_co<21>     |   14.753|
sum_shifted<42> |sum_co<22>     |   14.795|
sum_shifted<42> |sum_co<23>     |   14.585|
sum_shifted<43> |sum_co<20>     |   14.442|
sum_shifted<43> |sum_co<21>     |   14.708|
sum_shifted<43> |sum_co<22>     |   14.839|
sum_shifted<43> |sum_co<23>     |   14.646|
sum_shifted<44> |sum_co<21>     |   13.630|
sum_shifted<44> |sum_co<22>     |   13.806|
sum_shifted<44> |sum_co<23>     |   13.619|
sum_shifted<45> |sum_co<22>     |   13.863|
sum_shifted<45> |sum_co<23>     |   13.672|
sum_shifted<46> |sum_co<23>     |   13.602|
----------------+---------------+---------+


Analysis completed Mon Nov 28 18:04:56 2022 
--------------------------------------------------------------------------------

Trace Settings:
-------------------------
Trace Settings 

Peak Memory Usage: 4669 MB



